2025-04-10 12:34:42 - INFO - Preparing to send email reports for date: 2025-04-10
2025-04-10 12:34:42 - INFO - Loaded 2 region configurations
2025-04-10 12:34:42 - INFO - Email configuration loaded successfully
2025-04-10 12:34:42 - INFO - No recipients for region Нераспределенные ТС, using default recipients
2025-04-10 12:34:42 - INFO - Sending report for region: unassigned (Нераспределенные ТС) to 1 recipients
2025-04-10 12:34:46 - INFO - Email report sent successfully for region Нераспределенные ТС
2025-04-10 12:34:46 - INFO - Email sending complete: 1/1 regions processed successfully
2025-04-12 10:57:25 - INFO - Preparing to send email reports for date: 2025-04-11
2025-04-12 10:57:25 - INFO - Loaded 2 region configurations
2025-04-12 10:57:25 - INFO - Email configuration loaded successfully
2025-04-12 10:57:25 - INFO - Sending report for region: region1 (Регион 1) to 1 recipients
2025-04-12 10:57:25 - INFO - Email report sent successfully for region Регион 1
2025-04-12 10:57:25 - INFO - Sending report for region: region2 (Регион 2) to 1 recipients
2025-04-12 10:57:25 - INFO - Email report sent successfully for region Регион 2
2025-04-12 10:57:25 - INFO - Email sending complete: 2/2 regions processed successfully
2025-04-12 10:58:39 - INFO - Preparing to send email reports for date: 2025-04-11
2025-04-12 10:58:39 - INFO - Loaded 2 region configurations
2025-04-12 10:58:39 - INFO - Email configuration loaded successfully
2025-04-12 10:58:39 - INFO - Sending report for region: region1 (Регион 1) to 1 recipients
2025-04-12 10:58:39 - INFO - Email report sent successfully for region Регион 1
2025-04-12 10:58:39 - INFO - Sending report for region: region2 (Регион 2) to 1 recipients
2025-04-12 10:58:39 - INFO - Email report sent successfully for region Регион 2
2025-04-12 10:58:39 - INFO - Email sending complete: 2/2 regions processed successfully
2025-04-12 10:59:18 - INFO - Preparing to send email reports for date: 2025-04-11
2025-04-12 10:59:18 - INFO - Loaded 2 region configurations
2025-04-12 10:59:18 - INFO - Email configuration loaded successfully
2025-04-12 10:59:18 - INFO - Sending report for region: region1 (Регион 1) to 1 recipients
2025-04-12 10:59:18 - INFO - Email report sent successfully for region Регион 1
2025-04-12 10:59:18 - INFO - Sending report for region: region2 (Регион 2) to 1 recipients
2025-04-12 10:59:18 - INFO - Email report sent successfully for region Регион 2
2025-04-12 10:59:18 - INFO - Email sending complete: 2/2 regions processed successfully
2025-04-12 11:01:02 - INFO - Preparing to send email reports for date: 2025-04-11
2025-04-12 11:01:02 - INFO - Loaded 2 region configurations
2025-04-12 11:01:02 - INFO - Email configuration loaded successfully
2025-04-12 11:01:02 - INFO - Sending report for region: region1 (Регион 1) to 1 recipients
2025-04-12 11:01:02 - INFO - Email report sent successfully for region Регион 1
2025-04-12 11:01:02 - INFO - Sending report for region: region2 (Регион 2) to 1 recipients
2025-04-12 11:01:02 - INFO - Email report sent successfully for region Регион 2
2025-04-12 11:01:02 - INFO - Email sending complete: 2/2 regions processed successfully
2025-04-12 11:05:51 - INFO - Preparing to send email reports for date: 2025-04-11
2025-04-12 11:05:51 - INFO - Loaded 2 region configurations
2025-04-12 11:05:51 - INFO - Email configuration loaded successfully
2025-04-12 11:05:51 - INFO - Sending report for region: region1 (Регион 1) to 1 recipients
2025-04-12 11:05:51 - INFO - Email report sent successfully for region Регион 1
2025-04-12 11:05:51 - INFO - Sending report for region: region2 (Регион 2) to 1 recipients
2025-04-12 11:05:51 - INFO - Email report sent successfully for region Регион 2
2025-04-12 11:05:51 - INFO - Email sending complete: 2/2 regions processed successfully
2025-04-12 11:08:18 - INFO - Preparing to send email reports for date: 2025-04-11
2025-04-12 11:08:18 - INFO - Loaded 2 region configurations
2025-04-12 11:08:18 - INFO - Email configuration loaded successfully
2025-04-12 11:08:18 - INFO - Sending report for region: region1 (Москва и МО) to 1 recipients
2025-04-12 11:08:18 - ERROR - Error sending email for region Москва и МО: KeyError: 'region_name'
2025-04-12 11:08:18 - ERROR - Traceback: Traceback (most recent call last):
  File "C:\Users\workb\Downloads\chz\email_sender.py", line 143, in send_report_emails
    server.send_message(msg)
  File "C:\Program Files\WindowsApps\PythonSoftwareFoundation.Python.3.11_3.11.2544.0_x64__qbz5n2kfra8p0\Lib\unittest\mock.py", line 1124, in __call__
    return self._mock_call(*args, **kwargs)
           ^^^^^^^^^^^^^^^^^^^^^^^^^^^^^^^^
  File "C:\Program Files\WindowsApps\PythonSoftwareFoundation.Python.3.11_3.11.2544.0_x64__qbz5n2kfra8p0\Lib\unittest\mock.py", line 1128, in _mock_call
    return self._execute_mock_call(*args, **kwargs)
           ^^^^^^^^^^^^^^^^^^^^^^^^^^^^^^^^^^^^^^^^
  File "C:\Program Files\WindowsApps\PythonSoftwareFoundation.Python.3.11_3.11.2544.0_x64__qbz5n2kfra8p0\Lib\unittest\mock.py", line 1189, in _execute_mock_call
    result = effect(*args, **kwargs)
             ^^^^^^^^^^^^^^^^^^^^^^^
  File "C:\Users\workb\Downloads\chz\test_email.py", line 195, in capture_email
    "region": next((region_data["region_name"] for region_id, region_data in regions_data.items()
             ^^^^^^^^^^^^^^^^^^^^^^^^^^^^^^^^^^^^^^^^^^^^^^^^^^^^^^^^^^^^^^^^^^^^^^^^^^^^^^^^^^^
  File "C:\Users\workb\Downloads\chz\test_email.py", line 195, in <genexpr>
    "region": next((region_data["region_name"] for region_id, region_data in regions_data.items()
                   ~~~~~~~~~~~^^^^^^^^^^^^^^^
KeyError: 'region_name'

2025-04-12 11:08:18 - INFO - Sending report for region: region2 (Санкт-Петербург) to 1 recipients
2025-04-12 11:08:18 - ERROR - Error sending email for region Санкт-Петербург: KeyError: 'region_name'
2025-04-12 11:08:18 - ERROR - Traceback: Traceback (most recent call last):
  File "C:\Users\workb\Downloads\chz\email_sender.py", line 143, in send_report_emails
    server.send_message(msg)
  File "C:\Program Files\WindowsApps\PythonSoftwareFoundation.Python.3.11_3.11.2544.0_x64__qbz5n2kfra8p0\Lib\unittest\mock.py", line 1124, in __call__
    return self._mock_call(*args, **kwargs)
           ^^^^^^^^^^^^^^^^^^^^^^^^^^^^^^^^
  File "C:\Program Files\WindowsApps\PythonSoftwareFoundation.Python.3.11_3.11.2544.0_x64__qbz5n2kfra8p0\Lib\unittest\mock.py", line 1128, in _mock_call
    return self._execute_mock_call(*args, **kwargs)
           ^^^^^^^^^^^^^^^^^^^^^^^^^^^^^^^^^^^^^^^^
  File "C:\Program Files\WindowsApps\PythonSoftwareFoundation.Python.3.11_3.11.2544.0_x64__qbz5n2kfra8p0\Lib\unittest\mock.py", line 1189, in _execute_mock_call
    result = effect(*args, **kwargs)
             ^^^^^^^^^^^^^^^^^^^^^^^
  File "C:\Users\workb\Downloads\chz\test_email.py", line 195, in capture_email
    "region": next((region_data["region_name"] for region_id, region_data in regions_data.items()
             ^^^^^^^^^^^^^^^^^^^^^^^^^^^^^^^^^^^^^^^^^^^^^^^^^^^^^^^^^^^^^^^^^^^^^^^^^^^^^^^^^^^
  File "C:\Users\workb\Downloads\chz\test_email.py", line 195, in <genexpr>
    "region": next((region_data["region_name"] for region_id, region_data in regions_data.items()
                   ~~~~~~~~~~~^^^^^^^^^^^^^^^
KeyError: 'region_name'

2025-04-12 11:08:18 - INFO - Email sending complete: 0/2 regions processed successfully
2025-04-12 12:14:55 - INFO - Preparing to send email reports for date: 2025-04-12
2025-04-12 12:14:55 - INFO - Loaded 2 region configurations
2025-04-12 12:14:55 - INFO - Email configuration loaded successfully
2025-04-12 12:14:55 - INFO - No recipients for region Нераспределенные ТС, using default recipients
2025-04-12 12:14:55 - INFO - Sending report for region: unassigned (Нераспределенные ТС) to 1 recipients
2025-04-12 12:14:58 - INFO - Email report sent successfully for region Нераспределенные ТС
2025-04-12 12:14:58 - INFO - Email sending complete: 1/1 regions processed successfully
2025-04-12 12:52:01 - INFO - Preparing to send email reports for date: 2025-04-12
2025-04-12 12:52:01 - INFO - Loaded 2 region configurations
2025-04-12 12:52:01 - INFO - Email configuration loaded successfully
2025-04-12 12:52:01 - INFO - No recipients for region Нераспределенные ТС, using default recipients
2025-04-12 12:52:01 - INFO - Sending report for region: unassigned (Нераспределенные ТС) to 1 recipients
2025-04-12 12:52:06 - INFO - Email report sent successfully for region Нераспределенные ТС
2025-04-12 12:52:06 - INFO - Sending report for region: region2 (Название второго региона) to 1 recipients
2025-04-12 12:52:09 - INFO - Email report sent successfully for region Название второго региона
2025-04-12 12:52:09 - INFO - Sending report for region: region1 (Название первого региона) to 1 recipients
2025-04-12 12:52:11 - INFO - Email report sent successfully for region Название первого региона
2025-04-12 12:52:11 - INFO - Email sending complete: 3/3 regions processed successfully
2025-04-12 13:48:35 - INFO - Preparing to send email reports for date: 2025-04-12
2025-04-12 13:48:35 - INFO - Loaded 2 region configurations
2025-04-12 13:48:35 - INFO - Email configuration loaded successfully
2025-04-12 13:48:35 - INFO - No recipients for region Нераспределенные ТС, using default recipients
2025-04-12 13:48:35 - INFO - Sending report for region: unassigned (Нераспределенные ТС) to 1 recipients
2025-04-12 13:48:39 - INFO - Email report sent successfully for region Нераспределенные ТС
2025-04-12 13:48:39 - INFO - Sending report for region: region2 (Название второго региона) to 1 recipients
2025-04-12 13:48:42 - INFO - Email report sent successfully for region Название второго региона
2025-04-12 13:48:42 - INFO - Sending report for region: region1 (Название первого региона) to 1 recipients
2025-04-12 13:48:44 - INFO - Email report sent successfully for region Название первого региона
2025-04-12 13:48:44 - INFO - Email sending complete: 3/3 regions processed successfully
2025-04-12 14:14:58 - INFO - Preparing to send email reports for date: 2025-04-12
2025-04-12 14:14:58 - INFO - Loaded 4 region configurations
2025-04-12 14:14:58 - INFO - Email configuration loaded successfully
2025-04-12 14:14:58 - INFO - No recipients for region Нераспределенные ТС, using default recipients
2025-04-12 14:14:58 - INFO - Sending report for region: unassigned (Нераспределенные ТС) to 1 recipients
2025-04-12 14:15:03 - INFO - Email report sent successfully for region Нераспределенные ТС
2025-04-12 14:15:03 - INFO - Email sending complete: 1/1 regions processed successfully
2025-04-12 15:06:56 - INFO - Preparing to send email reports for date: 2025-04-12
2025-04-12 15:06:56 - INFO - Loaded 4 region configurations
2025-04-12 15:06:56 - INFO - Email configuration loaded successfully
2025-04-12 15:06:56 - INFO - Sending report for region: far_east (Дальневосточный регион) to 2 recipients
2025-04-12 15:07:00 - INFO - Email report sent successfully for region Дальневосточный регион
2025-04-12 15:07:00 - INFO - Sending report for region: south (Южный регион) to 2 recipients
2025-04-12 15:07:03 - INFO - Email report sent successfully for region Южный регион
2025-04-12 15:07:03 - INFO - Sending report for region: central (Центральный регион) to 2 recipients
2025-04-12 15:07:06 - INFO - Email report sent successfully for region Центральный регион
2025-04-12 15:07:06 - INFO - Email sending complete: 3/3 regions processed successfully
2025-04-12 15:23:53 - INFO - Preparing to send email reports for date: 2025-04-12
2025-04-12 15:23:53 - INFO - Loaded 4 region configurations
2025-04-12 15:23:53 - INFO - Email configuration loaded successfully
2025-04-12 15:23:53 - INFO - Sending report for region: far_east (Дальневосточный регион) to 2 recipients
2025-04-12 15:23:57 - INFO - Email report sent successfully for region Дальневосточный регион
2025-04-12 15:23:57 - INFO - Sending report for region: south (Южный регион) to 2 recipients
2025-04-12 15:24:00 - INFO - Email report sent successfully for region Южный регион
2025-04-12 15:24:00 - INFO - Sending report for region: central (Центральный регион) to 2 recipients
2025-04-12 15:24:03 - INFO - Email report sent successfully for region Центральный регион
2025-04-12 15:24:03 - INFO - Email sending complete: 3/3 regions processed successfully
