2025-04-09 20:04:10 - INFO - Starting report processing and email sending
2025-04-09 20:04:10 - INFO - Email configuration loaded successfully
2025-04-09 20:04:10 - WARNING - Report directory not found: output
2025-04-09 20:04:10 - WARNING - No reports to send
2025-04-09 20:04:10 - WARNING - Some issues occurred while processing and sending reports
2025-04-09 20:04:17 - INFO - Email configuration loaded successfully
2025-04-09 20:05:11 - INFO - Starting report processing and email sending
2025-04-09 20:05:11 - INFO - Email configuration loaded successfully
2025-04-09 20:05:11 - INFO - Looking for reports from date: 2025-04-08
2025-04-09 20:05:11 - INFO - Loaded 0 reports in total
2025-04-09 20:05:11 - WARNING - No reports to send
2025-04-09 20:05:11 - WARNING - Some issues occurred while processing and sending reports
2025-04-09 20:09:56 - INFO - Starting report processing and email sending
2025-04-09 20:09:56 - INFO - Email configuration loaded successfully
2025-04-09 20:09:56 - INFO - Looking for reports from date: 2025-04-08
2025-04-09 20:09:56 - INFO - Loaded report for Лежнева Евгения - тс142
2025-04-09 20:09:56 - INFO - Loaded report for Лежнева Евгения - тс54
2025-04-09 20:09:56 - INFO - Loaded report for Лежнева Евгения - тс55
2025-04-09 20:09:56 - INFO - Loaded report for Омелина Татьяна - тс28
2025-04-09 20:09:56 - INFO - Loaded report for Хуторская Татьяна - тс124
2025-04-09 20:09:56 - INFO - Loaded report for Хуторская Татьяна - тс3
2025-04-09 20:09:56 - INFO - Loaded report for Хуторская Татьяна - тс324
2025-04-09 20:09:56 - INFO - Loaded report for Хуторская Татьяна - тс5
2025-04-09 20:09:56 - INFO - Loaded 8 reports in total
2025-04-09 20:09:56 - INFO - Sending email for region Undefined to 1 recipients
2025-04-09 20:09:59 - INFO - Email report sent successfully for region Undefined
2025-04-09 20:09:59 - INFO - Updated last email run time
2025-04-09 20:09:59 - INFO - Successfully processed and sent all reports
2025-04-09 20:14:33 - INFO - Email configuration loaded successfully
2025-04-09 20:20:31 - INFO - Starting report processing and email sending
2025-04-09 20:20:31 - INFO - Email configuration loaded successfully
2025-04-09 20:20:31 - INFO - Looking for reports from date: 2025-04-08
2025-04-09 20:20:31 - INFO - Loaded report for Лежнева Евгения - тс142
2025-04-09 20:20:31 - INFO - Loaded report for Лежнева Евгения - тс54
2025-04-09 20:20:31 - INFO - Loaded report for Лежнева Евгения - тс55
2025-04-09 20:20:31 - INFO - Loaded report for Омелина Татьяна - тс28
2025-04-09 20:20:31 - INFO - Loaded report for Хуторская Татьяна - тс124
2025-04-09 20:20:31 - INFO - Loaded report for Хуторская Татьяна - тс3
2025-04-09 20:20:31 - INFO - Loaded report for Хуторская Татьяна - тс324
2025-04-09 20:20:31 - INFO - Loaded report for Хуторская Татьяна - тс5
2025-04-09 20:20:31 - INFO - Loaded 8 reports in total
2025-04-09 20:20:31 - INFO - Sending email for region Undefined to 1 recipients
2025-04-09 20:20:33 - INFO - Email report sent successfully for region Undefined
2025-04-09 20:20:33 - INFO - Updated last email run time
2025-04-09 20:20:33 - INFO - Successfully processed and sent all reports
2025-04-09 20:22:51 - INFO - Email configuration loaded successfully
2025-04-09 20:28:28 - INFO - Starting report processing and email sending
2025-04-09 20:28:28 - INFO - Email configuration loaded successfully
2025-04-09 20:28:28 - INFO - Looking for reports from date: 2025-04-08
2025-04-09 20:28:28 - INFO - Loaded report for Лежнева Евгения - тс142
2025-04-09 20:28:28 - INFO - Loaded report for Лежнева Евгения - тс54
2025-04-09 20:28:28 - INFO - Loaded report for Лежнева Евгения - тс55
2025-04-09 20:28:28 - INFO - Loaded report for Омелина Татьяна - тс28
2025-04-09 20:28:28 - INFO - Loaded report for Хуторская Татьяна - тс124
2025-04-09 20:28:28 - INFO - Loaded report for Хуторская Татьяна - тс3
2025-04-09 20:28:28 - INFO - Loaded report for Хуторская Татьяна - тс324
2025-04-09 20:28:28 - INFO - Loaded report for Хуторская Татьяна - тс5
2025-04-09 20:28:28 - INFO - Loaded 8 reports in total
2025-04-09 20:28:28 - INFO - Sending email for region Undefined to 1 recipients
2025-04-09 20:28:30 - INFO - Email report sent successfully for region Undefined
2025-04-09 20:28:30 - INFO - Updated last email run time
2025-04-09 20:28:30 - INFO - Successfully processed and sent all reports
2025-04-09 20:29:24 - INFO - Email configuration loaded successfully
2025-04-09 20:35:20 - INFO - Starting report processing and email sending
2025-04-09 20:35:20 - INFO - Email configuration loaded successfully
2025-04-09 20:35:20 - INFO - Looking for reports from date: 2025-04-08
2025-04-09 20:35:20 - INFO - Loaded report for Лежнева Евгения - тс142
2025-04-09 20:35:20 - INFO - Loaded report for Лежнева Евгения - тс54
2025-04-09 20:35:20 - INFO - Loaded report for Лежнева Евгения - тс55
2025-04-09 20:35:20 - INFO - Loaded report for Омелина Татьяна - тс28
2025-04-09 20:35:20 - INFO - Loaded report for Хуторская Татьяна - тс124
2025-04-09 20:35:20 - INFO - Loaded report for Хуторская Татьяна - тс3
2025-04-09 20:35:20 - INFO - Loaded report for Хуторская Татьяна - тс324
2025-04-09 20:35:20 - INFO - Loaded report for Хуторская Татьяна - тс5
2025-04-09 20:35:20 - INFO - Loaded 8 reports in total
2025-04-09 20:35:20 - INFO - Sending email for region Undefined to 1 recipients
2025-04-09 20:35:22 - INFO - Email report sent successfully for region Undefined
2025-04-09 20:35:22 - INFO - Updated last email run time
2025-04-09 20:35:22 - INFO - Successfully processed and sent all reports
2025-04-10 11:24:39 - INFO - Email configuration loaded successfully
2025-04-10 12:23:05 - INFO - Email configuration loaded successfully
2025-04-10 12:34:42 - INFO - Starting report processing and email sending
2025-04-10 12:34:42 - INFO - Looking for reports from date: 2025-04-09
2025-04-10 12:34:42 - INFO - Loaded report for Лежнева Евгения - тс142
2025-04-10 12:34:42 - INFO - Loaded report for Лежнева Евгения - тс54
2025-04-10 12:34:42 - INFO - Loaded report for Лежнева Евгения - тс55
2025-04-10 12:34:42 - INFO - Loaded report for Омелина Татьяна - тс28
2025-04-10 12:34:42 - INFO - Loaded report for Хуторская Татьяна - тс124
2025-04-10 12:34:42 - INFO - Loaded report for Хуторская Татьяна - тс3
2025-04-10 12:34:42 - INFO - Loaded report for Хуторская Татьяна - тс324
2025-04-10 12:34:42 - INFO - Loaded report for Хуторская Татьяна - тс5
2025-04-10 12:34:42 - INFO - Loaded 8 reports in total
2025-04-10 12:34:42 - INFO - Loaded 2 regions from configuration
2025-04-10 12:34:42 - INFO - Region Нераспределенные ТС has 2259 violations across 8 certificates
2025-04-10 12:34:46 - INFO - Updated last email run time
2025-04-10 12:34:46 - INFO - Successfully processed and sent all reports
2025-04-11 20:04:26 - INFO - Starting report processing and email sending
2025-04-11 20:04:26 - INFO - Looking for reports from date: 2025-04-10
2025-04-11 20:04:26 - INFO - Loaded 0 reports in total
2025-04-11 20:04:26 - INFO - Loaded 2 regions from configuration
2025-04-11 20:04:26 - WARNING - No reports to send
2025-04-11 20:04:26 - WARNING - Some issues occurred while processing and sending reports
2025-04-11 20:05:34 - INFO - Starting report processing and email sending
2025-04-11 20:05:34 - INFO - Looking for reports from date: 2025-04-10
2025-04-11 20:05:34 - INFO - Loaded 0 reports in total
2025-04-11 20:05:34 - INFO - Loaded 2 regions from configuration
2025-04-11 20:05:34 - WARNING - No reports to send
2025-04-11 20:05:34 - WARNING - Some issues occurred while processing and sending reports
2025-04-12 10:57:25 - INFO - Email configuration loaded successfully
2025-04-12 10:57:25 - INFO - Preparing email report for Хуторская Татьяна - тс5 on 2025-04-11
2025-04-12 10:57:25 - INFO - Sending email to 1 recipients
2025-04-12 10:57:25 - INFO - Email report sent successfully for Хуторская Татьяна - тс5
2025-04-12 10:58:39 - INFO - Email configuration loaded successfully
2025-04-12 10:58:39 - INFO - Preparing email report for Хуторская Татьяна - тс5 on 2025-04-11
2025-04-12 10:58:39 - INFO - Sending email to 1 recipients
2025-04-12 10:58:39 - INFO - Email report sent successfully for Хуторская Татьяна - тс5
2025-04-12 10:59:18 - INFO - Email configuration loaded successfully
2025-04-12 10:59:18 - INFO - Preparing email report for Хуторская Татьяна - тс5 on 2025-04-11
2025-04-12 10:59:18 - INFO - Sending email to 1 recipients
2025-04-12 10:59:18 - INFO - Email report sent successfully for Хуторская Татьяна - тс5
2025-04-12 11:01:02 - INFO - Email configuration loaded successfully
2025-04-12 11:01:02 - INFO - Preparing email report for Хуторская Татьяна - тс5 on 2025-04-11
2025-04-12 11:01:02 - INFO - Sending email to 1 recipients
2025-04-12 11:01:02 - INFO - Email report sent successfully for Хуторская Татьяна - тс5
2025-04-12 11:05:51 - INFO - Email configuration loaded successfully
2025-04-12 11:05:51 - INFO - Preparing email report for Хуторская Татьяна - тс5 on 2025-04-11
2025-04-12 11:05:51 - INFO - Sending email to 1 recipients
2025-04-12 11:05:52 - INFO - Email report sent successfully for Хуторская Татьяна - тс5
2025-04-12 11:08:18 - INFO - Preparing email report for Test Certificate on 2025-04-11
2025-04-12 11:08:18 - INFO - Sending email to 2 recipients
2025-04-12 11:08:18 - INFO - Email report sent successfully for Test Certificate
2025-04-12 11:25:28 - INFO - Email configuration loaded successfully
2025-04-12 11:25:32 - INFO - Test email sent to workbalta@gmail.com using SSL
2025-04-12 11:26:19 - INFO - Email configuration loaded successfully
2025-04-12 11:26:22 - INFO - Test email sent to workbalta@gmail.com using SSL
2025-04-12 12:09:00 - INFO - Email configuration loaded successfully
2025-04-12 12:14:55 - INFO - Starting report processing and email sending
2025-04-12 12:14:55 - INFO - Looking for reports from date: 2025-04-11
2025-04-12 12:14:55 - INFO - Loaded report for Лежнева Евгения - тс142
2025-04-12 12:14:55 - INFO - Loaded report for Лежнева Евгения - тс54
2025-04-12 12:14:55 - INFO - Loaded report for Лежнева Евгения - тс55
2025-04-12 12:14:55 - INFO - Loaded report for Омелина Татьяна - тс28
2025-04-12 12:14:55 - INFO - Loaded report for Хуторская Татьяна - тс124
2025-04-12 12:14:55 - INFO - Loaded report for Хуторская Татьяна - тс3
2025-04-12 12:14:55 - INFO - Loaded report for Хуторская Татьяна - тс324
2025-04-12 12:14:55 - INFO - Loaded report for Хуторская Татьяна - тс5
2025-04-12 12:14:55 - INFO - Loaded 8 reports in total
2025-04-12 12:14:55 - INFO - Loaded 2 regions from configuration
2025-04-12 12:14:55 - INFO - Region Нераспределенные ТС has 2754 violations across 8 certificates
2025-04-12 12:14:58 - INFO - Updated last email run time
2025-04-12 12:14:58 - INFO - Successfully processed and sent all reports
2025-04-12 12:46:12 - INFO - Email configuration loaded successfully
2025-04-12 12:52:01 - INFO - Starting report processing and email sending
2025-04-12 12:52:01 - INFO - Looking for reports from date: 2025-04-11
2025-04-12 12:52:01 - INFO - Loaded report for Лежнева Евгения - тс142
2025-04-12 12:52:01 - INFO - Loaded report for Лежнева Евгения - тс54
2025-04-12 12:52:01 - INFO - Loaded report for Лежнева Евгения - тс55
2025-04-12 12:52:01 - INFO - Loaded report for Омелина Татьяна - тс28
2025-04-12 12:52:01 - INFO - Loaded report for Хуторская Татьяна - тс124
2025-04-12 12:52:01 - INFO - Loaded report for Хуторская Татьяна - тс3
2025-04-12 12:52:01 - INFO - Loaded report for Хуторская Татьяна - тс324
2025-04-12 12:52:01 - INFO - Loaded report for Хуторская Татьяна - тс5
2025-04-12 12:52:01 - INFO - Loaded 8 reports in total
2025-04-12 12:52:01 - INFO - Loaded 2 regions from configuration
2025-04-12 12:52:01 - INFO - Region Нераспределенные ТС has 1720 violations across 4 certificates
2025-04-12 12:52:01 - INFO - Region Название второго региона has 780 violations across 2 certificates
2025-04-12 12:52:01 - INFO - Region Название первого региона has 239 violations across 2 certificates
2025-04-12 12:52:11 - INFO - Updated last email run time
2025-04-12 12:52:11 - INFO - Successfully processed and sent all reports
2025-04-12 13:39:44 - INFO - Email configuration loaded successfully
2025-04-12 13:48:35 - INFO - Starting report processing and email sending
2025-04-12 13:48:35 - INFO - Looking for reports from date: 2025-04-11
2025-04-12 13:48:35 - INFO - Loaded report for Лежнева Евгения - тс142
2025-04-12 13:48:35 - INFO - Loaded report for Лежнева Евгения - тс54
2025-04-12 13:48:35 - INFO - Loaded report for Лежнева Евгения - тс55
2025-04-12 13:48:35 - INFO - Loaded report for Омелина Татьяна - тс28
2025-04-12 13:48:35 - INFO - Loaded report for Хуторская Татьяна - тс124
2025-04-12 13:48:35 - INFO - Loaded report for Хуторская Татьяна - тс3
2025-04-12 13:48:35 - INFO - Loaded report for Хуторская Татьяна - тс324
2025-04-12 13:48:35 - INFO - Loaded report for Хуторская Татьяна - тс5
2025-04-12 13:48:35 - INFO - Loaded 8 reports in total
2025-04-12 13:48:35 - INFO - Loaded 2 regions from configuration
2025-04-12 13:48:35 - INFO - Region Нераспределенные ТС has 1726 violations across 4 certificates
2025-04-12 13:48:35 - INFO - Region Название второго региона has 780 violations across 2 certificates
2025-04-12 13:48:35 - INFO - Region Название первого региона has 239 violations across 2 certificates
2025-04-12 13:48:44 - INFO - Updated last email run time
2025-04-12 13:48:44 - INFO - Successfully processed and sent all reports
2025-04-12 14:09:31 - INFO - Email configuration loaded successfully
2025-04-12 14:14:58 - INFO - Starting report processing and email sending
2025-04-12 14:14:58 - INFO - Looking for reports from date: 2025-04-11
2025-04-12 14:14:58 - INFO - Loaded report for Лежнева Евгения - тс142
2025-04-12 14:14:58 - INFO - Loaded report for Лежнева Евгения - тс54
2025-04-12 14:14:58 - INFO - Loaded report for Лежнева Евгения - тс55
2025-04-12 14:14:58 - INFO - Loaded report for Омелина Татьяна - тс28
2025-04-12 14:14:58 - INFO - Loaded report for Хуторская Татьяна - тс124
2025-04-12 14:14:58 - INFO - Loaded report for Хуторская Татьяна - тс3
2025-04-12 14:14:58 - INFO - Loaded report for Хуторская Татьяна - тс324
2025-04-12 14:14:58 - INFO - Loaded report for Хуторская Татьяна - тс5
2025-04-12 14:14:58 - INFO - Loaded 8 reports in total
2025-04-12 14:14:58 - INFO - Loaded 4 regions from configuration
2025-04-12 14:14:58 - INFO - Region Нераспределенные ТС has 2739 violations across 8 certificates
2025-04-12 14:15:03 - INFO - Updated last email run time
2025-04-12 14:15:03 - INFO - Successfully processed and sent all reports
2025-04-12 15:01:52 - INFO - Starting report processing and email sending
2025-04-12 15:01:52 - WARNING - Report directory not found: output
2025-04-12 15:01:52 - INFO - Loaded 4 regions from configuration
2025-04-12 15:01:52 - WARNING - No reports to send
2025-04-12 15:01:52 - WARNING - Some issues occurred while processing and sending reports
2025-04-12 15:02:10 - INFO - Email configuration loaded successfully
2025-04-12 15:06:56 - INFO - Starting report processing and email sending
2025-04-12 15:06:56 - INFO - Looking for reports from date: 2025-04-11
2025-04-12 15:06:56 - INFO - Loaded report for Лежнева Евгения - тс142
2025-04-12 15:06:56 - INFO - Loaded report for Лежнева Евгения - тс54
2025-04-12 15:06:56 - INFO - Loaded report for Лежнева Евгения - тс55
2025-04-12 15:06:56 - INFO - Loaded report for Омелина Татьяна - тс28
2025-04-12 15:06:56 - INFO - Loaded report for Хуторская Татьяна - тс124
2025-04-12 15:06:56 - INFO - Loaded report for Хуторская Татьяна - тс3
2025-04-12 15:06:56 - INFO - Loaded report for Хуторская Татьяна - тс324
2025-04-12 15:06:56 - INFO - Loaded report for Хуторская Татьяна - тс5
2025-04-12 15:06:56 - INFO - Loaded 8 reports in total
2025-04-12 15:06:56 - INFO - Loaded 4 regions from configuration
2025-04-12 15:06:56 - INFO - Mapping certificate 'Лежнева Евгения - тс142' with TC ID 'тс142' to region 'far_east'
2025-04-12 15:06:56 - INFO - Mapping certificate 'Лежнева Евгения - тс54' with TC ID 'тс54' to region 'far_east'
2025-04-12 15:06:56 - INFO - Mapping certificate 'Лежнева Евгения - тс55' with TC ID 'тс55' to region 'far_east'
2025-04-12 15:06:56 - INFO - Mapping certificate 'Омелина Татьяна - тс28' with TC ID 'тс28' to region 'south'
2025-04-12 15:06:56 - INFO - Mapping certificate 'Хуторская Татьяна - тс124' with TC ID 'тс124' to region 'central'
2025-04-12 15:06:56 - INFO - Mapping certificate 'Хуторская Татьяна - тс3' with TC ID 'тс3' to region 'central'
2025-04-12 15:06:56 - INFO - Mapping certificate 'Хуторская Татьяна - тс324' with TC ID 'тс324' to region 'central'
2025-04-12 15:06:56 - INFO - Mapping certificate 'Хуторская Татьяна - тс5' with TC ID 'тс5' to region 'central'
2025-04-12 15:06:56 - INFO - Region Дальневосточный регион has 923 violations across 3 certificates
2025-04-12 15:06:56 - INFO - Region Южный регион has 1119 violations across 1 certificates
2025-04-12 15:06:56 - INFO - Region Центральный регион has 697 violations across 4 certificates
2025-04-12 15:07:06 - INFO - Updated last email run time
2025-04-12 15:07:06 - INFO - Successfully processed and sent all reports
2025-04-12 15:10:17 - INFO - Email configuration loaded successfully
2025-04-12 15:18:25 - INFO - Email configuration loaded successfully
2025-04-12 15:23:53 - INFO - Starting report processing and email sending
2025-04-12 15:23:53 - INFO - Looking for reports from date: 2025-04-11
2025-04-12 15:23:53 - INFO - Loaded report for Лежнева Евгения - тс142
2025-04-12 15:23:53 - INFO - Loaded report for Лежнева Евгения - тс54
2025-04-12 15:23:53 - INFO - Loaded report for Лежнева Евгения - тс55
2025-04-12 15:23:53 - INFO - Loaded report for Омелина Татьяна - тс28
2025-04-12 15:23:53 - INFO - Loaded report for Хуторская Татьяна - тс124
2025-04-12 15:23:53 - INFO - Loaded report for Хуторская Татьяна - тс3
2025-04-12 15:23:53 - INFO - Loaded report for Хуторская Татьяна - тс324
2025-04-12 15:23:53 - INFO - Loaded report for Хуторская Татьяна - тс5
2025-04-12 15:23:53 - INFO - Loaded 8 reports in total
2025-04-12 15:23:53 - INFO - Loaded 4 regions from configuration
2025-04-12 15:23:53 - INFO - Mapping certificate 'Лежнева Евгения - тс142' with TC ID 'тс142' to region 'far_east'
2025-04-12 15:23:53 - INFO - Mapping certificate 'Лежнева Евгения - тс54' with TC ID 'тс54' to region 'far_east'
2025-04-12 15:23:53 - INFO - Mapping certificate 'Лежнева Евгения - тс55' with TC ID 'тс55' to region 'far_east'
2025-04-12 15:23:53 - INFO - Mapping certificate 'Омелина Татьяна - тс28' with TC ID 'тс28' to region 'south'
2025-04-12 15:23:53 - INFO - Mapping certificate 'Хуторская Татьяна - тс124' with TC ID 'тс124' to region 'central'
2025-04-12 15:23:53 - INFO - Mapping certificate 'Хуторская Татьяна - тс3' with TC ID 'тс3' to region 'central'
2025-04-12 15:23:53 - INFO - Mapping certificate 'Хуторская Татьяна - тс324' with TC ID 'тс324' to region 'central'
2025-04-12 15:23:53 - INFO - Mapping certificate 'Хуторская Татьяна - тс5' with TC ID 'тс5' to region 'central'
2025-04-12 15:23:53 - INFO - Region Дальневосточный регион has 923 violations across 3 certificates
2025-04-12 15:23:53 - INFO - Region Южный регион has 1119 violations across 1 certificates
2025-04-12 15:23:53 - INFO - Region Центральный регион has 697 violations across 4 certificates
2025-04-12 15:24:03 - INFO - Updated last email run time
2025-04-12 15:24:03 - INFO - Successfully processed and sent all reports
2025-06-05 10:23:16 - INFO - Email configuration loaded successfully
2025-06-11 14:21:44 - INFO - Email configuration loaded successfully
2025-06-14 16:42:31 - INFO - Email configuration loaded successfully
