2025-04-09 20:03:56 - INFO - === Запуск ЦРПТ Маркировка ===
2025-04-09 20:04:08 - INFO - Telegram bot initialization started in background
2025-04-09 20:04:15 - INFO - Автоматический планировщик запущен
2025-04-09 20:04:15 - INFO - Запуск в интерактивном режиме
2025-04-09 20:04:17 - INFO - Запуск ежедневной обработки...
2025-04-09 20:04:17 - INFO - Будут обработаны данные за вчерашний день
2025-04-09 20:04:17 - INFO - Refreshing tokens before daily processing...
2025-04-09 20:04:33 - INFO - Processing certificate: Омелина Татьяна - тс28
2025-04-09 20:04:33 - INFO - Loaded 10 product groups from products.txt
2025-04-09 20:05:22 - INFO - Processing certificate: Хуторская Татьяна - тс324
2025-04-09 20:05:22 - INFO - Loaded 10 product groups from products.txt
2025-04-09 20:05:49 - INFO - Processing certificate: Хуторская Татьяна - тс124
2025-04-09 20:05:49 - INFO - Loaded 10 product groups from products.txt
2025-04-09 20:06:38 - INFO - Processing certificate: Хуторская Татьяна - тс3
2025-04-09 20:06:38 - INFO - Loaded 10 product groups from products.txt
2025-04-09 20:07:05 - INFO - Processing certificate: Хуторская Татьяна - тс5
2025-04-09 20:07:05 - INFO - Loaded 10 product groups from products.txt
2025-04-09 20:07:53 - INFO - Processing certificate: Лежнева Евгения - тс54
2025-04-09 20:07:53 - INFO - Loaded 10 product groups from products.txt
2025-04-09 20:09:01 - INFO - Processing certificate: Лежнева Евгения - тс55
2025-04-09 20:09:01 - INFO - Loaded 10 product groups from products.txt
2025-04-09 20:09:28 - INFO - Processing certificate: Лежнева Евгения - тс142
2025-04-09 20:09:28 - INFO - Loaded 10 product groups from products.txt
2025-04-09 20:09:56 - INFO - Processing complete. Sending consolidated regional reports...
2025-04-09 20:09:59 - INFO - Daily processing completed successfully
2025-04-09 20:12:45 - INFO - Выход из программы
2025-04-09 20:14:15 - INFO - === Запуск ЦРПТ Маркировка ===
2025-04-09 20:14:24 - INFO - Telegram bot initialization started in background
2025-04-09 20:14:26 - INFO - Автоматический планировщик запущен
2025-04-09 20:14:26 - INFO - Запуск в интерактивном режиме
2025-04-09 20:14:33 - INFO - Запуск ежедневной обработки...
2025-04-09 20:14:33 - INFO - Будут обработаны данные за вчерашний день
2025-04-09 20:14:33 - INFO - Refreshing tokens before daily processing...
2025-04-09 20:14:46 - INFO - Processing certificate: Омелина Татьяна - тс28
2025-04-09 20:14:46 - INFO - Loaded 10 product groups from products.txt
2025-04-09 20:15:34 - INFO - Processing certificate: Хуторская Татьяна - тс324
2025-04-09 20:15:34 - INFO - Loaded 10 product groups from products.txt
2025-04-09 20:16:22 - INFO - Processing certificate: Хуторская Татьяна - тс124
2025-04-09 20:16:22 - INFO - Loaded 10 product groups from products.txt
2025-04-09 20:16:49 - INFO - Processing certificate: Хуторская Татьяна - тс3
2025-04-09 20:16:49 - INFO - Loaded 10 product groups from products.txt
2025-04-09 20:17:38 - INFO - Processing certificate: Хуторская Татьяна - тс5
2025-04-09 20:17:38 - INFO - Loaded 10 product groups from products.txt
2025-04-09 20:18:26 - INFO - Processing certificate: Лежнева Евгения - тс54
2025-04-09 20:18:26 - INFO - Loaded 10 product groups from products.txt
2025-04-09 20:19:14 - INFO - Processing certificate: Лежнева Евгения - тс55
2025-04-09 20:19:14 - INFO - Loaded 10 product groups from products.txt
2025-04-09 20:20:03 - INFO - Processing certificate: Лежнева Евгения - тс142
2025-04-09 20:20:03 - INFO - Loaded 10 product groups from products.txt
2025-04-09 20:20:31 - INFO - Processing complete. Sending consolidated regional reports...
2025-04-09 20:20:33 - INFO - Daily processing completed successfully
2025-04-09 20:22:20 - INFO - Выход из программы
2025-04-09 20:22:23 - INFO - === Запуск ЦРПТ Маркировка ===
2025-04-09 20:22:32 - INFO - Telegram bot initialization started in background
2025-04-09 20:22:34 - INFO - Автоматический планировщик запущен
2025-04-09 20:22:34 - INFO - Запуск в интерактивном режиме
2025-04-09 20:22:51 - INFO - Запуск ежедневной обработки...
2025-04-09 20:22:51 - INFO - Будут обработаны данные за вчерашний день
2025-04-09 20:22:51 - INFO - Refreshing tokens before daily processing...
2025-04-09 20:23:03 - INFO - Processing certificate: Омелина Татьяна - тс28
2025-04-09 20:23:03 - INFO - Loaded 10 product groups from products.txt
2025-04-09 20:23:30 - INFO - Processing certificate: Хуторская Татьяна - тс324
2025-04-09 20:23:30 - INFO - Loaded 10 product groups from products.txt
2025-04-09 20:24:18 - INFO - Processing certificate: Хуторская Татьяна - тс124
2025-04-09 20:24:18 - INFO - Loaded 10 product groups from products.txt
2025-04-09 20:24:46 - INFO - Processing certificate: Хуторская Татьяна - тс3
2025-04-09 20:24:46 - INFO - Loaded 10 product groups from products.txt
2025-04-09 20:25:35 - INFO - Processing certificate: Хуторская Татьяна - тс5
2025-04-09 20:25:35 - INFO - Loaded 10 product groups from products.txt
2025-04-09 20:26:22 - INFO - Processing certificate: Лежнева Евгения - тс54
2025-04-09 20:26:22 - INFO - Loaded 10 product groups from products.txt
2025-04-09 20:26:51 - INFO - Processing certificate: Лежнева Евгения - тс55
2025-04-09 20:26:51 - INFO - Loaded 10 product groups from products.txt
2025-04-09 20:27:40 - INFO - Processing certificate: Лежнева Евгения - тс142
2025-04-09 20:27:40 - INFO - Loaded 10 product groups from products.txt
2025-04-09 20:28:28 - INFO - Processing complete. Sending consolidated regional reports...
2025-04-09 20:28:30 - INFO - Daily processing completed successfully
2025-04-09 20:29:01 - INFO - Программа остановлена пользователем (Ctrl+C)
2025-04-09 20:29:06 - INFO - === Запуск ЦРПТ Маркировка ===
2025-04-09 20:29:15 - INFO - Telegram bot initialization started in background
2025-04-09 20:29:17 - INFO - Автоматический планировщик запущен
2025-04-09 20:29:17 - INFO - Запуск в интерактивном режиме
2025-04-09 20:29:24 - INFO - Запуск ежедневной обработки...
2025-04-09 20:29:24 - INFO - Будут обработаны данные за вчерашний день
2025-04-09 20:29:24 - INFO - Refreshing tokens before daily processing...
2025-04-09 20:29:37 - INFO - Processing certificate: Омелина Татьяна - тс28
2025-04-09 20:29:37 - INFO - Loaded 10 product groups from products.txt
2025-04-09 20:30:25 - INFO - Processing certificate: Хуторская Татьяна - тс324
2025-04-09 20:30:25 - INFO - Loaded 10 product groups from products.txt
2025-04-09 20:31:13 - INFO - Processing certificate: Хуторская Татьяна - тс124
2025-04-09 20:31:13 - INFO - Loaded 10 product groups from products.txt
2025-04-09 20:32:01 - INFO - Processing certificate: Хуторская Татьяна - тс3
2025-04-09 20:32:01 - INFO - Loaded 10 product groups from products.txt
2025-04-09 20:32:49 - INFO - Processing certificate: Хуторская Татьяна - тс5
2025-04-09 20:32:49 - INFO - Loaded 10 product groups from products.txt
2025-04-09 20:33:37 - INFO - Processing certificate: Лежнева Евгения - тс54
2025-04-09 20:33:37 - INFO - Loaded 10 product groups from products.txt
2025-04-09 20:34:04 - INFO - Processing certificate: Лежнева Евгения - тс55
2025-04-09 20:34:04 - INFO - Loaded 10 product groups from products.txt
2025-04-09 20:34:53 - INFO - Processing certificate: Лежнева Евгения - тс142
2025-04-09 20:34:53 - INFO - Loaded 10 product groups from products.txt
2025-04-09 20:35:20 - INFO - Processing complete. Sending consolidated regional reports...
2025-04-09 20:35:22 - INFO - Daily processing completed successfully
2025-04-10 11:24:17 - INFO - === Запуск ЦРПТ Маркировка ===
2025-04-10 11:24:30 - INFO - Telegram bot initialization started in background
2025-04-10 11:24:38 - INFO - Автоматический планировщик запущен
2025-04-10 11:24:38 - INFO - Запуск в интерактивном режиме
2025-04-10 11:24:39 - INFO - Запуск ежедневной обработки...
2025-04-10 11:24:39 - INFO - Будут обработаны данные за вчерашний день
2025-04-10 11:24:39 - INFO - Refreshing tokens before daily processing...
2025-04-10 11:26:16 - INFO - Processing certificate: Омелина Татьяна - тс28
2025-04-10 11:26:16 - INFO - Loaded 10 product groups from products.txt
2025-04-10 11:30:34 - INFO - Processing certificate: Хуторская Татьяна - тс324
2025-04-10 11:30:34 - INFO - Loaded 10 product groups from products.txt
2025-04-10 11:34:05 - INFO - Processing certificate: Хуторская Татьяна - тс124
2025-04-10 11:34:05 - INFO - Loaded 10 product groups from products.txt
2025-04-10 11:35:28 - INFO - Программа остановлена пользователем (Ctrl+C)
2025-04-10 11:43:10 - INFO - === Запуск ЦРПТ Маркировка ===
2025-04-10 11:43:33 - INFO - Telegram bot initialization started in background
2025-04-10 11:43:35 - INFO - Автоматический планировщик запущен
2025-04-10 11:43:35 - INFO - Запуск в интерактивном режиме
2025-04-10 11:43:35 - ERROR - Непредвиденная ошибка в программе: ValueError: Invalid format string
2025-04-10 11:43:35 - ERROR - Traceback: Traceback (most recent call last):
  File "C:\Users\workb\Downloads\chz\main.py", line 1169, in <module>
    main()
  File "C:\Users\workb\Downloads\chz\main.py", line 1157, in main
    show_main_menu()
  File "C:\Users\workb\Downloads\chz\main.py", line 808, in show_main_menu
    print(f"{Fore.CYAN}╔═══ ЦРПТ Процессор ═══ {now.strftime('%Y-%m-%d %H:%М:%S')} ═══╗")
                                                ^^^^^^^^^^^^^^^^^^^^^^^^^^^^^^^^^
ValueError: Invalid format string

2025-04-10 12:21:14 - INFO - === Запуск ЦРПТ Маркировка ===
2025-04-10 12:21:28 - INFO - Telegram bot initialization started in background
2025-04-10 12:21:39 - INFO - Автоматический планировщик запущен
2025-04-10 12:21:39 - INFO - Запуск в интерактивном режиме
2025-04-10 12:23:05 - INFO - Запуск ежедневной обработки...
2025-04-10 12:23:05 - INFO - Будут обработаны данные за вчерашний день
2025-04-10 12:23:05 - INFO - Refreshing tokens before daily processing...
2025-04-10 12:23:43 - INFO - Processing certificate: Омелина Татьяна - тс28
2025-04-10 12:23:44 - INFO - Loaded 10 product groups from products.txt
2025-04-10 12:25:10 - INFO - Processing certificate: Хуторская Татьяна - тс324
2025-04-10 12:25:10 - INFO - Loaded 10 product groups from products.txt
2025-04-10 12:26:21 - INFO - Processing certificate: Хуторская Татьяна - тс124
2025-04-10 12:26:21 - INFO - Loaded 10 product groups from products.txt
2025-04-10 12:27:37 - INFO - Processing certificate: Хуторская Татьяна - тс3
2025-04-10 12:27:37 - INFO - Loaded 10 product groups from products.txt
2025-04-10 12:28:57 - INFO - Processing certificate: Хуторская Татьяна - тс5
2025-04-10 12:28:57 - INFO - Loaded 10 product groups from products.txt
2025-04-10 12:30:29 - INFO - Processing certificate: Лежнева Евгения - тс54
2025-04-10 12:30:29 - INFO - Loaded 10 product groups from products.txt
2025-04-10 12:31:58 - INFO - Processing certificate: Лежнева Евгения - тс55
2025-04-10 12:31:58 - INFO - Loaded 10 product groups from products.txt
2025-04-10 12:33:21 - INFO - Processing certificate: Лежнева Евгения - тс142
2025-04-10 12:33:21 - INFO - Loaded 10 product groups from products.txt
2025-04-10 12:34:42 - INFO - Processing complete. Sending consolidated regional reports...
2025-04-10 12:34:46 - INFO - Daily processing completed successfully
2025-04-10 12:45:39 - INFO - Программа остановлена пользователем (Ctrl+C)
2025-04-10 12:45:47 - INFO - === Запуск ЦРПТ Маркировка ===
2025-04-10 12:45:57 - INFO - Telegram bot initialization started in background
2025-04-10 12:45:58 - INFO - Автоматический планировщик запущен
2025-04-10 12:45:58 - INFO - Запуск в интерактивном режиме
2025-04-10 12:46:05 - INFO - Программа остановлена пользователем (Ctrl+C)
2025-04-10 12:48:44 - INFO - === Запуск ЦРПТ Маркировка ===
2025-04-10 12:48:55 - INFO - Telegram bot initialization started in background
2025-04-10 12:48:56 - INFO - Автоматический планировщик запущен
2025-04-10 12:48:56 - INFO - Запуск в интерактивном режиме
2025-04-12 10:31:48 - INFO - === Запуск ЦРПТ Маркировка ===
2025-04-12 10:31:58 - INFO - Telegram bot initialization started in background
2025-04-12 10:32:04 - INFO - Автоматический планировщик запущен
2025-04-12 10:32:04 - INFO - Запуск в интерактивном режиме
2025-04-12 10:32:17 - INFO - Выход из программы
2025-04-12 10:57:25 - INFO - Loaded 3 product groups from products.txt
2025-04-12 10:57:25 - INFO - Generating report for region: region1
2025-04-12 10:57:25 - INFO - Added report data from Хуторская Татьяна - тс5/violations_2025-04-11.json
2025-04-12 10:57:25 - INFO - Generated report for Регион 1 with 15 total violations
2025-04-12 10:58:39 - INFO - Loaded 3 product groups from products.txt
2025-04-12 10:58:39 - INFO - Generating report for region: region1
2025-04-12 10:58:39 - INFO - Added report data from Хуторская Татьяна - тс5/violations_2025-04-11.json
2025-04-12 10:58:39 - INFO - Generated report for Регион 1 with 15 total violations
2025-04-12 10:59:18 - INFO - Loaded 3 product groups from products.txt
2025-04-12 10:59:18 - INFO - Generating report for region: region1
2025-04-12 10:59:18 - INFO - Added report data from Хуторская Татьяна - тс5/violations_2025-04-11.json
2025-04-12 10:59:18 - INFO - Generated report for Регион 1 with 15 total violations
2025-04-12 11:01:02 - INFO - Loaded 3 product groups from products.txt
2025-04-12 11:01:02 - INFO - Generating report for region: region1
2025-04-12 11:01:02 - INFO - Added report data from Хуторская Татьяна - тс5/violations_2025-04-11.json
2025-04-12 11:01:02 - INFO - Generated report for Регион 1 with 15 total violations
2025-04-12 11:05:52 - INFO - Loaded 3 product groups from products.txt
2025-04-12 11:05:52 - INFO - Generating report for region: region1
2025-04-12 11:05:52 - INFO - Added report data from Хуторская Татьяна - тс5/violations_2025-04-11.json
2025-04-12 11:05:52 - INFO - Generated report for Регион 1 with 15 total violations
2025-04-12 11:54:03 - INFO - === Запуск ЦРПТ Маркировка ===
2025-04-12 11:54:12 - INFO - Telegram bot initialization started in background
2025-04-12 11:54:18 - INFO - Автоматический планировщик запущен
2025-04-12 11:54:18 - INFO - Запуск в интерактивном режиме
2025-04-12 12:03:57 - INFO - === Запуск ЦРПТ Маркировка ===
2025-04-12 12:04:06 - INFO - Telegram bot initialization started in background
2025-04-12 12:04:07 - INFO - Автоматический планировщик запущен
2025-04-12 12:04:07 - INFO - Запуск в интерактивном режиме
2025-04-12 12:07:54 - INFO - Программа остановлена пользователем (Ctrl+C)
2025-04-12 12:08:38 - INFO - === Запуск ЦРПТ Маркировка ===
2025-04-12 12:08:47 - INFO - Telegram bot initialization started in background
2025-04-12 12:08:48 - INFO - Автоматический планировщик запущен
2025-04-12 12:08:48 - INFO - Запуск в интерактивном режиме
2025-04-12 12:09:00 - INFO - Запуск ежедневной обработки...
2025-04-12 12:09:00 - INFO - Будут обработаны данные за вчерашний день
2025-04-12 12:09:00 - INFO - Refreshing tokens before daily processing...
2025-04-12 12:09:15 - INFO - Processing certificate: Омелина Татьяна - тс28
2025-04-12 12:09:15 - INFO - Loaded 10 product groups from products.txt
2025-04-12 12:10:03 - INFO - Processing certificate: Хуторская Татьяна - тс324
2025-04-12 12:10:03 - INFO - Loaded 10 product groups from products.txt
2025-04-12 12:10:51 - INFO - Processing certificate: Хуторская Татьяна - тс124
2025-04-12 12:10:51 - INFO - Loaded 10 product groups from products.txt
2025-04-12 12:11:18 - INFO - Processing certificate: Хуторская Татьяна - тс3
2025-04-12 12:11:18 - INFO - Loaded 10 product groups from products.txt
2025-04-12 12:12:06 - INFO - Processing certificate: Хуторская Татьяна - тс5
2025-04-12 12:12:06 - INFO - Loaded 10 product groups from products.txt
2025-04-12 12:12:33 - INFO - Processing certificate: Лежнева Евгения - тс54
2025-04-12 12:12:33 - INFO - Loaded 10 product groups from products.txt
2025-04-12 12:13:20 - INFO - Processing certificate: Лежнева Евгения - тс55
2025-04-12 12:13:20 - INFO - Loaded 10 product groups from products.txt
2025-04-12 12:14:08 - INFO - Processing certificate: Лежнева Евгения - тс142
2025-04-12 12:14:08 - INFO - Loaded 10 product groups from products.txt
2025-04-12 12:14:55 - INFO - Processing complete. Sending consolidated regional reports...
2025-04-12 12:14:58 - INFO - Daily processing completed successfully
2025-04-12 12:22:01 - INFO - Программа остановлена пользователем (Ctrl+C)
2025-04-12 12:45:29 - INFO - === Запуск ЦРПТ Маркировка ===
2025-04-12 12:45:38 - INFO - Telegram bot initialization started in background
2025-04-12 12:45:39 - INFO - Автоматический планировщик запущен
2025-04-12 12:45:39 - INFO - Запуск в интерактивном режиме
2025-04-12 12:46:12 - INFO - Запуск ежедневной обработки...
2025-04-12 12:46:12 - INFO - Будут обработаны данные за вчерашний день
2025-04-12 12:46:12 - INFO - Refreshing tokens before daily processing...
2025-04-12 12:46:25 - INFO - Processing certificate: Омелина Татьяна - тс28
2025-04-12 12:46:25 - INFO - Loaded 10 product groups from products.txt
2025-04-12 12:47:13 - INFO - Processing certificate: Хуторская Татьяна - тс324
2025-04-12 12:47:13 - INFO - Loaded 10 product groups from products.txt
2025-04-12 12:48:01 - INFO - Processing certificate: Хуторская Татьяна - тс124
2025-04-12 12:48:01 - INFO - Loaded 10 product groups from products.txt
2025-04-12 12:48:48 - INFO - Processing certificate: Хуторская Татьяна - тс3
2025-04-12 12:48:48 - INFO - Loaded 10 product groups from products.txt
2025-04-12 12:49:14 - INFO - Processing certificate: Хуторская Татьяна - тс5
2025-04-12 12:49:14 - INFO - Loaded 10 product groups from products.txt
2025-04-12 12:50:01 - INFO - Processing certificate: Лежнева Евгения - тс54
2025-04-12 12:50:01 - INFO - Loaded 10 product groups from products.txt
2025-04-12 12:50:27 - INFO - Processing certificate: Лежнева Евгения - тс55
2025-04-12 12:50:27 - INFO - Loaded 10 product groups from products.txt
2025-04-12 12:51:14 - INFO - Processing certificate: Лежнева Евгения - тс142
2025-04-12 12:51:14 - INFO - Loaded 10 product groups from products.txt
2025-04-12 12:52:01 - INFO - Processing complete. Sending consolidated regional reports...
2025-04-12 12:52:11 - INFO - Daily processing completed successfully
2025-04-12 13:37:00 - INFO - Программа остановлена пользователем (Ctrl+C)
2025-04-12 13:39:27 - INFO - === Запуск ЦРПТ Маркировка ===
2025-04-12 13:39:36 - INFO - Telegram bot initialization started in background
2025-04-12 13:39:40 - INFO - Автоматический планировщик запущен
2025-04-12 13:39:40 - INFO - Запуск в интерактивном режиме
2025-04-12 13:39:44 - INFO - Запуск ежедневной обработки...
2025-04-12 13:39:44 - INFO - Будут обработаны данные за вчерашний день
2025-04-12 13:39:44 - INFO - Refreshing tokens before daily processing...
2025-04-12 13:40:08 - INFO - Processing certificate: Омелина Татьяна - тс28
2025-04-12 13:40:08 - INFO - Loaded 10 product groups from products.txt
2025-04-12 13:41:15 - INFO - Processing certificate: Хуторская Татьяна - тс324
2025-04-12 13:41:15 - INFO - Loaded 10 product groups from products.txt
2025-04-12 13:42:20 - INFO - Processing certificate: Хуторская Татьяна - тс124
2025-04-12 13:42:20 - INFO - Loaded 10 product groups from products.txt
2025-04-12 13:43:22 - INFO - Processing certificate: Хуторская Татьяна - тс3
2025-04-12 13:43:22 - INFO - Loaded 10 product groups from products.txt
2025-04-12 13:44:25 - INFO - Processing certificate: Хуторская Татьяна - тс5
2025-04-12 13:44:25 - INFO - Loaded 10 product groups from products.txt
2025-04-12 13:45:29 - INFO - Processing certificate: Лежнева Евгения - тс54
2025-04-12 13:45:29 - INFO - Loaded 10 product groups from products.txt
2025-04-12 13:46:29 - INFO - Processing certificate: Лежнева Евгения - тс55
2025-04-12 13:46:29 - INFO - Loaded 10 product groups from products.txt
2025-04-12 13:47:32 - INFO - Processing certificate: Лежнева Евгения - тс142
2025-04-12 13:47:32 - INFO - Loaded 10 product groups from products.txt
2025-04-12 13:48:35 - INFO - Processing complete. Sending consolidated regional reports...
2025-04-12 13:48:44 - INFO - Daily processing completed successfully
2025-04-12 13:53:33 - INFO - Программа остановлена пользователем (Ctrl+C)
2025-04-12 14:04:31 - INFO - === Запуск ЦРПТ Маркировка ===
2025-04-12 14:04:40 - INFO - Telegram bot initialization started in background
2025-04-12 14:04:41 - INFO - Автоматический планировщик запущен
2025-04-12 14:04:41 - INFO - Запуск в интерактивном режиме
2025-04-12 14:09:31 - INFO - Запуск ежедневной обработки...
2025-04-12 14:09:31 - INFO - Будут обработаны данные за вчерашний день
2025-04-12 14:09:31 - INFO - Refreshing tokens before daily processing...
2025-04-12 14:09:43 - INFO - Processing certificate: Омелина Татьяна - тс28
2025-04-12 14:09:43 - INFO - Loaded 10 product groups from products.txt
2025-04-12 14:10:09 - INFO - Processing certificate: Хуторская Татьяна - тс324
2025-04-12 14:10:09 - INFO - Loaded 10 product groups from products.txt
2025-04-12 14:10:56 - INFO - Processing certificate: Хуторская Татьяна - тс124
2025-04-12 14:10:56 - INFO - Loaded 10 product groups from products.txt
2025-04-12 14:11:23 - INFO - Processing certificate: Хуторская Татьяна - тс3
2025-04-12 14:11:23 - INFO - Loaded 10 product groups from products.txt
2025-04-12 14:12:10 - INFO - Processing certificate: Хуторская Татьяна - тс5
2025-04-12 14:12:10 - INFO - Loaded 10 product groups from products.txt
2025-04-12 14:12:57 - INFO - Processing certificate: Лежнева Евгения - тс54
2025-04-12 14:12:57 - INFO - Loaded 10 product groups from products.txt
2025-04-12 14:13:23 - INFO - Processing certificate: Лежнева Евгения - тс55
2025-04-12 14:13:23 - INFO - Loaded 10 product groups from products.txt
2025-04-12 14:14:11 - INFO - Processing certificate: Лежнева Евгения - тс142
2025-04-12 14:14:11 - INFO - Loaded 10 product groups from products.txt
2025-04-12 14:14:58 - INFO - Processing complete. Sending consolidated regional reports...
2025-04-12 14:15:03 - INFO - Daily processing completed successfully
2025-04-12 14:21:33 - INFO - Программа остановлена пользователем (Ctrl+C)
2025-04-12 15:01:58 - INFO - === Запуск ЦРПТ Маркировка ===
2025-04-12 15:02:07 - INFO - Telegram bot initialization started in background
2025-04-12 15:02:09 - INFO - Автоматический планировщик запущен
2025-04-12 15:02:09 - INFO - Запуск в интерактивном режиме
2025-04-12 15:02:10 - INFO - Запуск ежедневной обработки...
2025-04-12 15:02:10 - INFO - Будут обработаны данные за вчерашний день
2025-04-12 15:02:10 - INFO - Refreshing tokens before daily processing...
2025-04-12 15:02:23 - INFO - Processing certificate: Омелина Татьяна - тс28
2025-04-12 15:02:23 - INFO - Loaded 10 product groups from products.txt
2025-04-12 15:02:49 - INFO - Processing certificate: Хуторская Татьяна - тс324
2025-04-12 15:02:49 - INFO - Loaded 10 product groups from products.txt
2025-04-12 15:03:36 - INFO - Processing certificate: Хуторская Татьяна - тс124
2025-04-12 15:03:36 - INFO - Loaded 10 product groups from products.txt
2025-04-12 15:04:02 - INFO - Processing certificate: Хуторская Татьяна - тс3
2025-04-12 15:04:02 - INFO - Loaded 10 product groups from products.txt
2025-04-12 15:04:29 - INFO - Processing certificate: Хуторская Татьяна - тс5
2025-04-12 15:04:29 - INFO - Loaded 10 product groups from products.txt
2025-04-12 15:05:16 - INFO - Processing certificate: Лежнева Евгения - тс54
2025-04-12 15:05:16 - INFO - Loaded 10 product groups from products.txt
2025-04-12 15:05:43 - INFO - Processing certificate: Лежнева Евгения - тс55
2025-04-12 15:05:43 - INFO - Loaded 10 product groups from products.txt
2025-04-12 15:06:09 - INFO - Processing certificate: Лежнева Евгения - тс142
2025-04-12 15:06:09 - INFO - Loaded 10 product groups from products.txt
2025-04-12 15:06:56 - INFO - Processing complete. Sending consolidated regional reports...
2025-04-12 15:07:06 - INFO - Daily processing completed successfully
2025-04-12 15:10:17 - INFO - Запуск ежедневной обработки...
2025-04-12 15:10:17 - INFO - Будут обработаны данные за вчерашний день
2025-04-12 15:10:17 - INFO - Refreshing tokens before daily processing...
2025-04-12 15:10:31 - INFO - Processing certificate: Омелина Татьяна - тс28
2025-04-12 15:10:31 - INFO - Loaded 10 product groups from products.txt
2025-04-12 15:11:23 - INFO - Processing certificate: Хуторская Татьяна - тс324
2025-04-12 15:11:23 - INFO - Loaded 10 product groups from products.txt
2025-04-12 15:11:49 - INFO - Processing certificate: Хуторская Татьяна - тс124
2025-04-12 15:11:49 - INFO - Loaded 10 product groups from products.txt
2025-04-12 15:12:36 - INFO - Processing certificate: Хуторская Татьяна - тс3
2025-04-12 15:12:36 - INFO - Loaded 10 product groups from products.txt
2025-04-12 15:18:08 - INFO - === Запуск ЦРПТ Маркировка ===
2025-04-12 15:18:17 - INFO - Telegram bot initialization started in background
2025-04-12 15:18:18 - INFO - Автоматический планировщик запущен
2025-04-12 15:18:18 - INFO - Запуск в интерактивном режиме
2025-04-12 15:18:25 - INFO - Запуск ежедневной обработки...
2025-04-12 15:18:25 - INFO - Будут обработаны данные за вчерашний день
2025-04-12 15:18:25 - INFO - Refreshing tokens before daily processing...
2025-04-12 15:18:37 - INFO - Processing certificate: Омелина Татьяна - тс28
2025-04-12 15:18:37 - INFO - Loaded 10 product groups from products.txt
2025-04-12 15:19:04 - INFO - Processing certificate: Хуторская Татьяна - тс324
2025-04-12 15:19:04 - INFO - Loaded 10 product groups from products.txt
2025-04-12 15:19:51 - INFO - Processing certificate: Хуторская Татьяна - тс124
2025-04-12 15:19:51 - INFO - Loaded 10 product groups from products.txt
2025-04-12 15:20:38 - INFO - Processing certificate: Хуторская Татьяна - тс3
2025-04-12 15:20:38 - INFO - Loaded 10 product groups from products.txt
2025-04-12 15:21:04 - INFO - Processing certificate: Хуторская Татьяна - тс5
2025-04-12 15:21:04 - INFO - Loaded 10 product groups from products.txt
2025-04-12 15:21:51 - INFO - Processing certificate: Лежнева Евгения - тс54
2025-04-12 15:21:51 - INFO - Loaded 10 product groups from products.txt
2025-04-12 15:22:39 - INFO - Processing certificate: Лежнева Евгения - тс55
2025-04-12 15:22:39 - INFO - Loaded 10 product groups from products.txt
2025-04-12 15:23:27 - INFO - Processing certificate: Лежнева Евгения - тс142
2025-04-12 15:23:27 - INFO - Loaded 10 product groups from products.txt
2025-04-12 15:23:53 - INFO - Processing complete. Sending consolidated regional reports...
2025-04-12 15:24:03 - INFO - Daily processing completed successfully
2025-04-12 15:25:38 - INFO - Отмена выхода из программы
2025-04-12 15:25:41 - INFO - Программа остановлена пользователем (Ctrl+C)
2025-06-05 10:22:50 - INFO - === Запуск ЦРПТ Маркировка ===
2025-06-05 10:23:04 - INFO - Telegram bot initialization started in background
2025-06-05 10:23:14 - INFO - Автоматический планировщик запущен
2025-06-05 10:23:14 - INFO - Запуск в интерактивном режиме
2025-06-05 10:23:16 - INFO - Запуск ежедневной обработки...
2025-06-05 10:23:16 - INFO - Будут обработаны данные за вчерашний день
2025-06-05 10:23:16 - INFO - Refreshing tokens before daily processing...
2025-06-05 10:23:23 - ERROR - Failed to refresh tokens. Retrying once...
2025-06-05 10:23:25 - INFO - Программа остановлена пользователем (Ctrl+C)
2025-06-11 14:20:35 - INFO - === Запуск ЦРПТ Маркировка ===
2025-06-11 14:20:44 - INFO - Telegram bot initialization started in background
2025-06-11 14:20:45 - INFO - Автоматический планировщик запущен
2025-06-11 14:20:45 - INFO - Запуск в интерактивном режиме
2025-06-11 14:21:44 - INFO - Запуск ежедневной обработки...
2025-06-11 14:21:44 - INFO - Будут обработаны данные за вчерашний день
2025-06-11 14:21:44 - INFO - Refreshing tokens before daily processing...
2025-06-11 14:21:53 - INFO - Программа остановлена пользователем (Ctrl+C)
