2025-04-12 15:26:24 - INFO - Email configuration loaded successfully
2025-04-12 15:32:19 - INFO - Starting report processing and email sending
2025-04-12 15:32:19 - INFO - Email configuration loaded successfully
2025-04-12 15:32:19 - INFO - Looking for reports from date: 2025-04-11
2025-04-12 15:32:19 - INFO - Loaded report for Лежнева Евгения - тс142
2025-04-12 15:32:19 - INFO - Loaded report for Лежнева Евгения - тс54
2025-04-12 15:32:19 - INFO - Loaded report for Лежнева Евгения - тс55
2025-04-12 15:32:19 - INFO - Loaded report for Омелина Татьяна - тс28
2025-04-12 15:32:19 - INFO - Loaded report for Хуторская Татьяна - тс124
2025-04-12 15:32:19 - INFO - Loaded report for Хуторская Татьяна - тс3
2025-04-12 15:32:19 - INFO - Loaded report for Хуторская Татьяна - тс324
2025-04-12 15:32:19 - INFO - Loaded report for Хуторская Татьяна - тс5
2025-04-12 15:32:19 - INFO - Loaded 8 reports in total
2025-04-12 15:32:19 - INFO - Sending email for region Undefined to 1 recipients
2025-04-12 15:32:22 - INFO - Email report sent successfully for region Undefined
2025-04-12 15:32:22 - INFO - Updated last email run time
2025-04-12 15:32:22 - INFO - Successfully processed and sent all reports
2025-04-12 15:42:41 - INFO - Email configuration loaded successfully
2025-04-12 15:48:09 - INFO - Starting report processing and email sending
2025-04-12 15:48:09 - INFO - Email configuration loaded successfully
2025-04-12 15:48:09 - INFO - Looking for reports from date: 2025-04-11
2025-04-12 15:48:09 - INFO - Loaded report for Лежнева Евгения - тс142
2025-04-12 15:48:09 - INFO - Loaded report for Лежнева Евгения - тс54
2025-04-12 15:48:09 - INFO - Loaded report for Лежнева Евгения - тс55
2025-04-12 15:48:09 - INFO - Loaded report for Омелина Татьяна - тс28
2025-04-12 15:48:09 - INFO - Loaded report for Хуторская Татьяна - тс124
2025-04-12 15:48:09 - INFO - Loaded report for Хуторская Татьяна - тс3
2025-04-12 15:48:09 - INFO - Loaded report for Хуторская Татьяна - тс324
2025-04-12 15:48:09 - INFO - Loaded report for Хуторская Татьяна - тс5
2025-04-12 15:48:09 - INFO - Loaded 8 reports in total
2025-04-12 15:48:09 - INFO - Sending email for region Регион 1 to 1 recipients
2025-04-12 15:48:13 - INFO - Email report sent successfully for region Регион 1
2025-04-12 15:48:13 - INFO - Sending email for region Регион 2 to 1 recipients
2025-04-12 15:48:16 - INFO - Email report sent successfully for region Регион 2
2025-04-12 15:48:16 - INFO - Updated last email run time
2025-04-12 15:48:16 - INFO - Successfully processed and sent all reports
2025-04-12 15:53:33 - INFO - Email configuration loaded successfully
2025-04-12 15:59:50 - INFO - Starting report processing and email sending
2025-04-12 15:59:50 - INFO - Email configuration loaded successfully
2025-04-12 15:59:50 - INFO - Looking for reports from date: 2025-04-11
2025-04-12 15:59:50 - INFO - Loaded report for Лежнева Евгения - тс142
2025-04-12 15:59:50 - INFO - Loaded report for Лежнева Евгения - тс54
2025-04-12 15:59:50 - INFO - Loaded report for Лежнева Евгения - тс55
2025-04-12 15:59:50 - INFO - Loaded report for Омелина Татьяна - тс28
2025-04-12 15:59:50 - INFO - Loaded report for Хуторская Татьяна - тс124
2025-04-12 15:59:50 - INFO - Loaded report for Хуторская Татьяна - тс3
2025-04-12 15:59:50 - INFO - Loaded report for Хуторская Татьяна - тс324
2025-04-12 15:59:50 - INFO - Loaded report for Хуторская Татьяна - тс5
2025-04-12 15:59:50 - INFO - Loaded 8 reports in total
2025-04-12 15:59:50 - INFO - Found 2 regional reports: region1, region2
2025-04-12 15:59:50 - INFO - Region data contains 2 regions: region1, region2
2025-04-12 15:59:50 - INFO - Processing report for region: region1 (display name: Регион 1)
2025-04-12 15:59:50 - INFO - Sending email for region Регион 1 to 1 recipients
2025-04-12 15:59:54 - INFO - Email report sent successfully for region Регион 1
2025-04-12 15:59:54 - INFO - Processing report for region: region2 (display name: Регион 2)
2025-04-12 15:59:54 - INFO - Sending email for region Регион 2 to 1 recipients
2025-04-12 15:59:56 - INFO - Email report sent successfully for region Регион 2
2025-04-12 15:59:56 - INFO - Updated last email run time
2025-04-12 15:59:56 - INFO - Successfully processed and sent all reports
2025-04-12 16:11:36 - INFO - Email configuration loaded successfully
2025-04-12 16:18:18 - INFO - Starting report processing and email sending
2025-04-12 16:18:18 - INFO - Email configuration loaded successfully
2025-04-12 16:18:18 - INFO - Looking for reports from date: 2025-04-11
2025-04-12 16:18:18 - INFO - Loaded report for Лежнева Евгения - тс142
2025-04-12 16:18:18 - INFO - Loaded report for Лежнева Евгения - тс54
2025-04-12 16:18:18 - INFO - Loaded report for Лежнева Евгения - тс55
2025-04-12 16:18:18 - INFO - Loaded report for Омелина Татьяна - тс28
2025-04-12 16:18:18 - INFO - Loaded report for Хуторская Татьяна - тс124
2025-04-12 16:18:18 - INFO - Loaded report for Хуторская Татьяна - тс3
2025-04-12 16:18:18 - INFO - Loaded report for Хуторская Татьяна - тс324
2025-04-12 16:18:18 - INFO - Loaded report for Хуторская Татьяна - тс5
2025-04-12 16:18:18 - INFO - Loaded 8 reports in total
2025-04-12 16:18:18 - INFO - Found 2 regional reports: region1, region2
2025-04-12 16:18:18 - INFO - Region data contains 2 regions: region1, region2
2025-04-12 16:18:18 - INFO - Processing report for region: region1 (display name: Регион 1)
2025-04-12 16:18:18 - INFO - Sending email for region Регион 1 to 1 recipients
2025-04-12 16:18:22 - INFO - Email report sent successfully for region Регион 1
2025-04-12 16:18:22 - INFO - Processing report for region: region2 (display name: Регион 2)
2025-04-12 16:18:22 - INFO - Sending email for region Регион 2 to 1 recipients
2025-04-12 16:18:25 - INFO - Email report sent successfully for region Регион 2
2025-04-12 16:18:25 - INFO - Updated last email run time
2025-04-12 16:18:25 - INFO - Successfully processed and sent all reports
