2025-04-12 15:17:33 - INFO - === Запуск ЦРПТ Маркировка ===
2025-04-12 15:17:42 - INFO - Telegram bot initialization started in background
2025-04-12 15:17:43 - INFO - Автоматический планировщик запущен
2025-04-12 15:17:43 - INFO - Запуск в интерактивном режиме
2025-04-12 15:26:24 - INFO - Запуск ежедневной обработки...
2025-04-12 15:26:24 - INFO - Будут обработаны данные за вчерашний день
2025-04-12 15:26:24 - INFO - Refreshing tokens before daily processing...
2025-04-12 15:26:36 - INFO - Processing certificate: Омелина Татьяна - тс28
2025-04-12 15:26:36 - INFO - Loaded 10 product groups from products.txt
2025-04-12 15:27:03 - INFO - Processing certificate: Хуторская Татьяна - тс324
2025-04-12 15:27:03 - INFO - Loaded 10 product groups from products.txt
2025-04-12 15:27:51 - INFO - Processing certificate: Хуторская Татьяна - тс124
2025-04-12 15:27:51 - INFO - Loaded 10 product groups from products.txt
2025-04-12 15:28:39 - INFO - Processing certificate: Хуторская Татьяна - тс3
2025-04-12 15:28:39 - INFO - Loaded 10 product groups from products.txt
2025-04-12 15:29:26 - INFO - Processing certificate: Хуторская Татьяна - тс5
2025-04-12 15:29:26 - INFO - Loaded 10 product groups from products.txt
2025-04-12 15:29:54 - INFO - Processing certificate: Лежнева Евгения - тс54
2025-04-12 15:29:54 - INFO - Loaded 10 product groups from products.txt
2025-04-12 15:30:42 - INFO - Processing certificate: Лежнева Евгения - тс55
2025-04-12 15:30:42 - INFO - Loaded 10 product groups from products.txt
2025-04-12 15:31:30 - INFO - Processing certificate: Лежнева Евгения - тс142
2025-04-12 15:31:30 - INFO - Loaded 10 product groups from products.txt
2025-04-12 15:32:19 - INFO - Processing complete. Sending consolidated regional reports...
2025-04-12 15:32:22 - INFO - Daily processing completed successfully
2025-04-12 15:41:08 - INFO - Программа остановлена пользователем (Ctrl+C)
2025-04-12 15:42:28 - INFO - === Запуск ЦРПТ Маркировка ===
2025-04-12 15:42:37 - INFO - Telegram bot initialization started in background
2025-04-12 15:42:38 - INFO - Автоматический планировщик запущен
2025-04-12 15:42:38 - INFO - Запуск в интерактивном режиме
2025-04-12 15:42:41 - INFO - Запуск ежедневной обработки...
2025-04-12 15:42:41 - INFO - Будут обработаны данные за вчерашний день
2025-04-12 15:42:41 - INFO - Refreshing tokens before daily processing...
2025-04-12 15:42:54 - INFO - Processing certificate: Омелина Татьяна - тс28
2025-04-12 15:42:54 - INFO - Loaded 10 product groups from products.txt
2025-04-12 15:43:41 - INFO - Processing certificate: Хуторская Татьяна - тс324
2025-04-12 15:43:41 - INFO - Loaded 10 product groups from products.txt
2025-04-12 15:44:08 - INFO - Processing certificate: Хуторская Татьяна - тс124
2025-04-12 15:44:08 - INFO - Loaded 10 product groups from products.txt
2025-04-12 15:44:55 - INFO - Processing certificate: Хуторская Татьяна - тс3
2025-04-12 15:44:55 - INFO - Loaded 10 product groups from products.txt
2025-04-12 15:45:42 - INFO - Processing certificate: Хуторская Татьяна - тс5
2025-04-12 15:45:42 - INFO - Loaded 10 product groups from products.txt
2025-04-12 15:46:08 - INFO - Processing certificate: Лежнева Евгения - тс54
2025-04-12 15:46:08 - INFO - Loaded 10 product groups from products.txt
2025-04-12 15:46:56 - INFO - Processing certificate: Лежнева Евгения - тс55
2025-04-12 15:46:56 - INFO - Loaded 10 product groups from products.txt
2025-04-12 15:47:43 - INFO - Processing certificate: Лежнева Евгения - тс142
2025-04-12 15:47:43 - INFO - Loaded 10 product groups from products.txt
2025-04-12 15:48:09 - INFO - Processing complete. Sending consolidated regional reports...
2025-04-12 15:48:16 - INFO - Daily processing completed successfully
2025-04-12 15:52:10 - INFO - Программа остановлена пользователем (Ctrl+C)
2025-04-12 15:52:15 - INFO - === Запуск ЦРПТ Маркировка ===
2025-04-12 15:52:24 - INFO - Telegram bot initialization started in background
2025-04-12 15:52:27 - INFO - Автоматический планировщик запущен
2025-04-12 15:52:27 - INFO - Запуск в интерактивном режиме
2025-04-12 15:53:33 - INFO - Запуск ежедневной обработки...
2025-04-12 15:53:33 - INFO - Будут обработаны данные за вчерашний день
2025-04-12 15:53:33 - INFO - Refreshing tokens before daily processing...
2025-04-12 15:53:45 - INFO - Processing certificate: Омелина Татьяна - тс28
2025-04-12 15:53:45 - INFO - Loaded 10 product groups from products.txt
2025-04-12 15:54:34 - INFO - Processing certificate: Хуторская Татьяна - тс324
2025-04-12 15:54:34 - INFO - Loaded 10 product groups from products.txt
2025-04-12 15:55:22 - INFO - Processing certificate: Хуторская Татьяна - тс124
2025-04-12 15:55:22 - INFO - Loaded 10 product groups from products.txt
2025-04-12 15:55:48 - INFO - Processing certificate: Хуторская Татьяна - тс3
2025-04-12 15:55:48 - INFO - Loaded 10 product groups from products.txt
2025-04-12 15:56:35 - INFO - Processing certificate: Хуторская Татьяна - тс5
2025-04-12 15:56:35 - INFO - Loaded 10 product groups from products.txt
2025-04-12 15:57:43 - INFO - Processing certificate: Лежнева Евгения - тс54
2025-04-12 15:57:43 - INFO - Loaded 10 product groups from products.txt
2025-04-12 15:58:15 - INFO - Processing certificate: Лежнева Евгения - тс55
2025-04-12 15:58:15 - INFO - Loaded 10 product groups from products.txt
2025-04-12 15:59:03 - INFO - Processing certificate: Лежнева Евгения - тс142
2025-04-12 15:59:03 - INFO - Loaded 10 product groups from products.txt
2025-04-12 15:59:50 - INFO - Processing complete. Sending consolidated regional reports...
2025-04-12 15:59:56 - INFO - Daily processing completed successfully
2025-04-12 16:09:28 - INFO - Программа остановлена пользователем (Ctrl+C)
2025-04-12 16:09:32 - INFO - === Запуск ЦРПТ Маркировка ===
2025-04-12 16:09:41 - INFO - Telegram bot initialization started in background
2025-04-12 16:09:46 - INFO - Автоматический планировщик запущен
2025-04-12 16:09:47 - INFO - Запуск в интерактивном режиме
2025-04-12 16:11:36 - INFO - Запуск ежедневной обработки...
2025-04-12 16:11:36 - INFO - Будут обработаны данные за вчерашний день
2025-04-12 16:11:36 - INFO - Refreshing tokens before daily processing...
2025-04-12 16:11:55 - INFO - Processing certificate: Омелина Татьяна - тс28
2025-04-12 16:11:55 - INFO - Loaded 10 product groups from products.txt
2025-04-12 16:12:43 - INFO - Processing certificate: Хуторская Татьяна - тс324
2025-04-12 16:12:43 - INFO - Loaded 10 product groups from products.txt
2025-04-12 16:13:31 - INFO - Processing certificate: Хуторская Татьяна - тс124
2025-04-12 16:13:31 - INFO - Loaded 10 product groups from products.txt
2025-04-12 16:14:19 - INFO - Processing certificate: Хуторская Татьяна - тс3
2025-04-12 16:14:19 - INFO - Loaded 10 product groups from products.txt
2025-04-12 16:15:07 - INFO - Processing certificate: Хуторская Татьяна - тс5
2025-04-12 16:15:07 - INFO - Loaded 10 product groups from products.txt
2025-04-12 16:15:55 - INFO - Processing certificate: Лежнева Евгения - тс54
2025-04-12 16:15:55 - INFO - Loaded 10 product groups from products.txt
2025-04-12 16:16:43 - INFO - Processing certificate: Лежнева Евгения - тс55
2025-04-12 16:16:43 - INFO - Loaded 10 product groups from products.txt
2025-04-12 16:17:31 - INFO - Processing certificate: Лежнева Евгения - тс142
2025-04-12 16:17:31 - INFO - Loaded 10 product groups from products.txt
2025-04-12 16:18:18 - INFO - Processing complete. Sending consolidated regional reports...
2025-04-12 16:18:25 - INFO - Daily processing completed successfully
2025-04-12 16:20:37 - INFO - Программа остановлена пользователем (Ctrl+C)
2025-04-12 16:20:44 - INFO - === Запуск ЦРПТ Маркировка ===
2025-04-12 16:20:53 - INFO - Telegram bot initialization started in background
2025-04-12 16:20:55 - INFO - Автоматический планировщик запущен
2025-04-12 16:20:55 - INFO - Запуск в интерактивном режиме
2025-04-12 16:31:54 - INFO - Отмена выхода из программы
2025-04-12 16:32:03 - ERROR - Непредвиденная ошибка в программе: TypeError: list_files_in_directory() takes 0 positional arguments but 1 was given
2025-04-12 16:32:03 - ERROR - Traceback: Traceback (most recent call last):
  File "C:\Users\workb\Downloads\chz\main\main.py", line 1033, in <module>
    main()
  File "C:\Users\workb\Downloads\chz\main\main.py", line 1021, in main
    show_main_menu()
  File "C:\Users\workb\Downloads\chz\main\main.py", line 697, in show_main_menu
    show_file_menu()
  File "C:\Users\workb\Downloads\chz\main\main.py", line 486, in show_file_menu
    list_files_in_directory(directory if directory else None)
TypeError: list_files_in_directory() takes 0 positional arguments but 1 was given

2025-04-12 16:32:07 - INFO - === Запуск ЦРПТ Маркировка ===
2025-04-12 16:32:16 - INFO - Telegram bot initialization started in background
2025-04-12 16:32:18 - INFO - Автоматический планировщик запущен
2025-04-12 16:32:18 - INFO - Запуск в интерактивном режиме
2025-04-12 16:37:51 - INFO - Программа остановлена пользователем (Ctrl+C)
2025-04-12 17:06:35 - INFO - === Запуск ЦРПТ Маркировка ===
2025-04-12 17:06:45 - INFO - Telegram bot initialization started in background
2025-04-12 17:06:50 - INFO - Автоматический планировщик запущен
2025-04-12 17:06:50 - INFO - Запуск в интерактивном режиме
2025-04-12 17:12:44 - INFO - Программа остановлена пользователем (Ctrl+C)
