2025-04-12 15:17:43 - INFO - Scheduler already running with PID 11712
2025-04-12 15:42:38 - INFO - Scheduler already running with PID 11712
2025-04-12 15:52:27 - INFO - Scheduler already running with PID 11712
2025-04-12 15:52:39 - INFO - Loaded configuration from scheduler_config.json
2025-04-12 15:52:39 - INFO - Using email time from email_config.json: 20:04
2025-04-12 15:52:39 - INFO - Scheduler initialized
2025-04-12 15:52:39 - INFO - Scheduler starting continuous operation
2025-04-12 15:52:41 - INFO - Started scheduler process with PID 23992
2025-04-12 16:03:39 - INFO - Loaded configuration from scheduler_config.json
2025-04-12 16:03:39 - INFO - Using email time from email_config.json: 20:04
2025-04-12 16:03:39 - INFO - Scheduler initialized
2025-04-12 16:03:39 - INFO - Scheduler starting continuous operation
2025-04-12 16:03:41 - INFO - Started scheduler process with PID 8144
2025-04-12 16:09:28 - INFO - Loaded configuration from scheduler_config.json
2025-04-12 16:09:28 - INFO - Using email time from email_config.json: 20:04
2025-04-12 16:09:28 - INFO - Scheduler initialized
2025-04-12 16:09:28 - INFO - Scheduler starting continuous operation
2025-04-12 16:09:46 - INFO - Scheduler already running with PID 16840
2025-04-12 16:20:55 - INFO - Scheduler already running with PID 16840
2025-04-12 16:32:18 - INFO - Scheduler already running with PID 16840
2025-04-12 17:06:46 - INFO - Loaded configuration from scheduler_config.json
2025-04-12 17:06:46 - INFO - Using email time from email_config.json: 20:04
2025-04-12 17:06:46 - INFO - Scheduler initialized
2025-04-12 17:06:46 - INFO - Scheduler starting continuous operation
2025-04-12 17:06:48 - INFO - Started scheduler process with PID 13572
