2025-04-12 15:26:36 - INFO - Creating tasks for certificate: Омелина Татьяна - тс28
2025-04-12 15:26:36 - INFO - Using date range: 2025-04-11 to 2025-04-11 (yesterday's data)
2025-04-12 15:26:36 - INFO - Creating task for group 1 (Предметы одежды, бельё постельное, столовое, туалетное и кухонное)
2025-04-12 15:26:37 - INFO - Created task: a056a41a-e155-43ee-8657-11efd595907a
2025-04-12 15:26:37 - INFO - Creating task for group 2 (Обувные товары)
2025-04-12 15:26:38 - INFO - Created task: 4e531b8d-85bf-40ef-814f-37fa6d5f33dc
2025-04-12 15:26:38 - INFO - Creating task for group 3 (Табачная продукция)
2025-04-12 15:26:38 - INFO - Created task: 4c3c17e2-e4d8-402d-95b8-cd05e0b16f70
2025-04-12 15:26:38 - INFO - Creating task for group 4 (Духи и туалетная вода)
2025-04-12 15:26:39 - INFO - Created task: f85e43e7-d5df-47d4-8a65-9c714b2f6130
2025-04-12 15:26:39 - INFO - Creating task for group 5 (Шины и покрышки пневматические резиновые новые)
2025-04-12 15:26:40 - INFO - Created task: d6ff39c1-d4d4-47b0-8fe0-47a4bd2459f2
2025-04-12 15:26:40 - INFO - Creating task for group 8 (Молочная продукция)
2025-04-12 15:26:40 - INFO - Created task: 5cdee74d-f747-41ef-831b-1f8b58ace7a1
2025-04-12 15:26:40 - INFO - Creating task for group 13 (Упакованная вода)
2025-04-12 15:26:41 - INFO - Created task: 22adecda-c668-4cc6-926c-c5a16cfe1e5c
2025-04-12 15:26:41 - INFO - Creating task for group 15 (Пиво, напитки, изготавливаемые на основе пива, слабоалкогольные напитки)
2025-04-12 15:26:42 - INFO - Created task: 7f68f61d-a379-420b-b0a1-92cbb7f20ab6
2025-04-12 15:26:42 - INFO - Creating task for group 17 (Биологически активные добавки к пище)
2025-04-12 15:26:42 - INFO - Created task: 396b0e69-d3c4-4d32-b9d1-ee838f88cb93
2025-04-12 15:26:42 - INFO - Creating task for group 23 (Соковая продукция и безалкогольные напитки)
2025-04-12 15:26:43 - INFO - Created task: 4a54f1f7-f9ce-47c0-abf5-d433ab3db373
2025-04-12 15:26:43 - INFO - Saved 10 tasks to output\Омелина Татьяна - тс28\pending_tasks.txt
2025-04-12 15:27:03 - INFO - Creating tasks for certificate: Хуторская Татьяна - тс324
2025-04-12 15:27:03 - INFO - Using date range: 2025-04-11 to 2025-04-11 (yesterday's data)
2025-04-12 15:27:03 - INFO - Creating task for group 1 (Предметы одежды, бельё постельное, столовое, туалетное и кухонное)
2025-04-12 15:27:04 - INFO - Created task: 0c1f2782-a74c-44d9-a1b9-67f15c61e409
2025-04-12 15:27:04 - INFO - Creating task for group 2 (Обувные товары)
2025-04-12 15:27:04 - INFO - Created task: d17aaf91-b8c5-4bfa-aa4a-b9da88b29fa3
2025-04-12 15:27:04 - INFO - Creating task for group 3 (Табачная продукция)
2025-04-12 15:27:05 - INFO - Created task: c7d1a53d-31a1-4afb-bbb5-1100b09a5af3
2025-04-12 15:27:05 - INFO - Creating task for group 4 (Духи и туалетная вода)
2025-04-12 15:27:06 - INFO - Created task: ce63be7d-7a05-4e7d-b0e5-6c78c6e6f851
2025-04-12 15:27:06 - INFO - Creating task for group 5 (Шины и покрышки пневматические резиновые новые)
2025-04-12 15:27:06 - INFO - Created task: dd35996b-d9f3-4353-b81f-810694917c72
2025-04-12 15:27:06 - INFO - Creating task for group 8 (Молочная продукция)
2025-04-12 15:27:07 - INFO - Created task: c3815bbf-8495-458f-b7fa-7380f41d352c
2025-04-12 15:27:07 - INFO - Creating task for group 13 (Упакованная вода)
2025-04-12 15:27:08 - INFO - Created task: e6354613-bbe0-4249-ba70-3c87fc431ad0
2025-04-12 15:27:08 - INFO - Creating task for group 15 (Пиво, напитки, изготавливаемые на основе пива, слабоалкогольные напитки)
2025-04-12 15:27:08 - INFO - Created task: 8d12eac8-8504-440b-9d4c-0d6112c59400
2025-04-12 15:27:08 - INFO - Creating task for group 17 (Биологически активные добавки к пище)
2025-04-12 15:27:09 - INFO - Created task: 697a11bd-3436-42d1-9ec0-d1a320b3ce27
2025-04-12 15:27:09 - INFO - Creating task for group 23 (Соковая продукция и безалкогольные напитки)
2025-04-12 15:27:10 - INFO - Created task: ff99f79a-1d1f-4f7b-ab9b-f1607661072b
2025-04-12 15:27:10 - INFO - Saved 10 tasks to output\Хуторская Татьяна - тс324\pending_tasks.txt
2025-04-12 15:27:51 - INFO - Creating tasks for certificate: Хуторская Татьяна - тс124
2025-04-12 15:27:51 - INFO - Using date range: 2025-04-11 to 2025-04-11 (yesterday's data)
2025-04-12 15:27:51 - INFO - Creating task for group 1 (Предметы одежды, бельё постельное, столовое, туалетное и кухонное)
2025-04-12 15:27:51 - INFO - Created task: 1ddda102-3fba-4165-8084-3f765d23cd08
2025-04-12 15:27:51 - INFO - Creating task for group 2 (Обувные товары)
2025-04-12 15:27:52 - INFO - Created task: a939c45e-dd45-41ae-a906-6f0a5b578a8f
2025-04-12 15:27:52 - INFO - Creating task for group 3 (Табачная продукция)
2025-04-12 15:27:53 - INFO - Created task: e129eb07-2a1b-4349-9fd8-4f45b99fb814
2025-04-12 15:27:53 - INFO - Creating task for group 4 (Духи и туалетная вода)
2025-04-12 15:27:53 - INFO - Created task: 722277f5-8014-4b5d-b7af-3b6bb5944ec1
2025-04-12 15:27:53 - INFO - Creating task for group 5 (Шины и покрышки пневматические резиновые новые)
2025-04-12 15:27:54 - INFO - Created task: dae135c5-8b86-42a8-bfd4-4dd57b9b2bef
2025-04-12 15:27:54 - INFO - Creating task for group 8 (Молочная продукция)
2025-04-12 15:27:55 - INFO - Created task: 85591f4c-b723-4a92-a110-bb2a8bfb3b76
2025-04-12 15:27:55 - INFO - Creating task for group 13 (Упакованная вода)
2025-04-12 15:27:55 - INFO - Created task: 90b72e3e-4182-49b1-9d71-36a29bc78f91
2025-04-12 15:27:55 - INFO - Creating task for group 15 (Пиво, напитки, изготавливаемые на основе пива, слабоалкогольные напитки)
2025-04-12 15:27:56 - INFO - Created task: a7855b28-ce0d-4684-9fcd-8339e6967d0e
2025-04-12 15:27:56 - INFO - Creating task for group 17 (Биологически активные добавки к пище)
2025-04-12 15:27:57 - INFO - Created task: 5775cdd5-7cce-48b4-9510-905447ae9c66
2025-04-12 15:27:57 - INFO - Creating task for group 23 (Соковая продукция и безалкогольные напитки)
2025-04-12 15:27:58 - INFO - Created task: 57736d24-86ff-483e-91c6-4c4579b5705a
2025-04-12 15:27:58 - INFO - Saved 10 tasks to output\Хуторская Татьяна - тс124\pending_tasks.txt
2025-04-12 15:28:39 - INFO - Creating tasks for certificate: Хуторская Татьяна - тс3
2025-04-12 15:28:39 - INFO - Using date range: 2025-04-11 to 2025-04-11 (yesterday's data)
2025-04-12 15:28:39 - INFO - Creating task for group 1 (Предметы одежды, бельё постельное, столовое, туалетное и кухонное)
2025-04-12 15:28:39 - INFO - Created task: 0daabb8f-c78f-4b68-8d85-94170464f3f2
2025-04-12 15:28:39 - INFO - Creating task for group 2 (Обувные товары)
2025-04-12 15:28:40 - INFO - Created task: 41aa5cfb-ccff-418f-976e-c3ff8b778498
2025-04-12 15:28:40 - INFO - Creating task for group 3 (Табачная продукция)
2025-04-12 15:28:41 - INFO - Created task: c878f74c-7cfb-4ba7-8ec8-9cb857761ae4
2025-04-12 15:28:41 - INFO - Creating task for group 4 (Духи и туалетная вода)
2025-04-12 15:28:41 - INFO - Created task: 10535f18-110a-4bcc-86c6-30967ed0a6e0
2025-04-12 15:28:41 - INFO - Creating task for group 5 (Шины и покрышки пневматические резиновые новые)
2025-04-12 15:28:42 - INFO - Created task: 56399e3c-fa57-46fb-ab0a-9063c676a0a9
2025-04-12 15:28:42 - INFO - Creating task for group 8 (Молочная продукция)
2025-04-12 15:28:43 - INFO - Created task: 8f26070e-0081-49ee-8edd-3c337ae70d99
2025-04-12 15:28:43 - INFO - Creating task for group 13 (Упакованная вода)
2025-04-12 15:28:43 - INFO - Created task: 92edc41d-6121-41a7-a46a-a70685333a67
2025-04-12 15:28:43 - INFO - Creating task for group 15 (Пиво, напитки, изготавливаемые на основе пива, слабоалкогольные напитки)
2025-04-12 15:28:44 - INFO - Created task: 70529508-c29a-41f6-8b46-354317e8f96c
2025-04-12 15:28:44 - INFO - Creating task for group 17 (Биологически активные добавки к пище)
2025-04-12 15:28:45 - INFO - Created task: 118917ea-3ec0-44ab-bc67-49e19ec23bed
2025-04-12 15:28:45 - INFO - Creating task for group 23 (Соковая продукция и безалкогольные напитки)
2025-04-12 15:28:45 - INFO - Created task: 9e502890-c726-4aa7-8b9d-3a4b0c2d7f65
2025-04-12 15:28:45 - INFO - Saved 10 tasks to output\Хуторская Татьяна - тс3\pending_tasks.txt
2025-04-12 15:29:26 - INFO - Creating tasks for certificate: Хуторская Татьяна - тс5
2025-04-12 15:29:26 - INFO - Using date range: 2025-04-11 to 2025-04-11 (yesterday's data)
2025-04-12 15:29:26 - INFO - Creating task for group 1 (Предметы одежды, бельё постельное, столовое, туалетное и кухонное)
2025-04-12 15:29:27 - INFO - Created task: e22955da-7087-4eb7-acf0-c51ae5aa5c93
2025-04-12 15:29:27 - INFO - Creating task for group 2 (Обувные товары)
2025-04-12 15:29:28 - INFO - Created task: 1e1d1a00-856c-450d-8da6-43bfcda389b3
2025-04-12 15:29:28 - INFO - Creating task for group 3 (Табачная продукция)
2025-04-12 15:29:28 - INFO - Created task: 617c565b-2b4e-4bd7-b105-62900ce8fdeb
2025-04-12 15:29:29 - INFO - Creating task for group 4 (Духи и туалетная вода)
2025-04-12 15:29:29 - INFO - Created task: b42b698f-7891-4e9e-ad09-948d45c99497
2025-04-12 15:29:29 - INFO - Creating task for group 5 (Шины и покрышки пневматические резиновые новые)
2025-04-12 15:29:30 - INFO - Created task: 181082a1-e2be-4572-b868-a5e7c4e5d89e
2025-04-12 15:29:30 - INFO - Creating task for group 8 (Молочная продукция)
2025-04-12 15:29:31 - INFO - Created task: 66a3c38e-75ff-430b-af9a-96bfd93536d2
2025-04-12 15:29:31 - INFO - Creating task for group 13 (Упакованная вода)
2025-04-12 15:29:31 - INFO - Created task: df40ce1e-1406-42f7-a7d7-21e6ba832568
2025-04-12 15:29:31 - INFO - Creating task for group 15 (Пиво, напитки, изготавливаемые на основе пива, слабоалкогольные напитки)
2025-04-12 15:29:32 - INFO - Created task: ef7722c4-74bc-45b2-90d5-50c0ed5e28fc
2025-04-12 15:29:32 - INFO - Creating task for group 17 (Биологически активные добавки к пище)
2025-04-12 15:29:33 - INFO - Created task: 1b55b689-c695-4e0a-936e-c6abed171836
2025-04-12 15:29:33 - INFO - Creating task for group 23 (Соковая продукция и безалкогольные напитки)
2025-04-12 15:29:33 - INFO - Created task: 52f7595a-df47-4cb3-8454-ee5945b0cdbf
2025-04-12 15:29:33 - INFO - Saved 10 tasks to output\Хуторская Татьяна - тс5\pending_tasks.txt
2025-04-12 15:29:54 - INFO - Creating tasks for certificate: Лежнева Евгения - тс54
2025-04-12 15:29:54 - INFO - Using date range: 2025-04-11 to 2025-04-11 (yesterday's data)
2025-04-12 15:29:54 - INFO - Creating task for group 1 (Предметы одежды, бельё постельное, столовое, туалетное и кухонное)
2025-04-12 15:29:54 - INFO - Created task: 8b04dcf2-9177-4523-965a-78b6eefff94b
2025-04-12 15:29:54 - INFO - Creating task for group 2 (Обувные товары)
2025-04-12 15:29:55 - INFO - Created task: 048f7ff2-5f23-4de5-a4be-6bfdc06ca9c9
2025-04-12 15:29:55 - INFO - Creating task for group 3 (Табачная продукция)
2025-04-12 15:29:56 - INFO - Created task: 3f0814c4-1177-49cb-a409-32d40e95d39b
2025-04-12 15:29:56 - INFO - Creating task for group 4 (Духи и туалетная вода)
2025-04-12 15:29:57 - INFO - Created task: 9a8c1cff-be97-4bbb-b329-3a4f2bd25344
2025-04-12 15:29:57 - INFO - Creating task for group 5 (Шины и покрышки пневматические резиновые новые)
2025-04-12 15:29:57 - INFO - Created task: 5e60e6dc-5e0c-45e7-87f7-ecdf057300da
2025-04-12 15:29:57 - INFO - Creating task for group 8 (Молочная продукция)
2025-04-12 15:29:58 - INFO - Created task: 4dd579f2-e4d3-4be4-9d41-d8fd0e11fb08
2025-04-12 15:29:58 - INFO - Creating task for group 13 (Упакованная вода)
2025-04-12 15:29:59 - INFO - Created task: 6ef80e05-fe46-423d-afe7-f4d9d12e16a9
2025-04-12 15:29:59 - INFO - Creating task for group 15 (Пиво, напитки, изготавливаемые на основе пива, слабоалкогольные напитки)
2025-04-12 15:29:59 - INFO - Created task: 12fbede4-af61-4f77-83c6-3c139b593cb6
2025-04-12 15:29:59 - INFO - Creating task for group 17 (Биологически активные добавки к пище)
2025-04-12 15:30:00 - INFO - Created task: f6ec6d72-a807-4d26-afcc-e96747935036
2025-04-12 15:30:00 - INFO - Creating task for group 23 (Соковая продукция и безалкогольные напитки)
2025-04-12 15:30:01 - INFO - Created task: fef2ebe5-4b71-4ce4-b26e-9e6404bd73ab
2025-04-12 15:30:01 - INFO - Saved 10 tasks to output\Лежнева Евгения - тс54\pending_tasks.txt
2025-04-12 15:30:42 - INFO - Creating tasks for certificate: Лежнева Евгения - тс55
2025-04-12 15:30:42 - INFO - Using date range: 2025-04-11 to 2025-04-11 (yesterday's data)
2025-04-12 15:30:42 - INFO - Creating task for group 1 (Предметы одежды, бельё постельное, столовое, туалетное и кухонное)
2025-04-12 15:30:43 - INFO - Created task: 0c304552-8f07-498d-93eb-f1e6e6246d29
2025-04-12 15:30:43 - INFO - Creating task for group 2 (Обувные товары)
2025-04-12 15:30:43 - INFO - Created task: 813d68a9-a028-4553-aeaf-62666c9cb837
2025-04-12 15:30:43 - INFO - Creating task for group 3 (Табачная продукция)
2025-04-12 15:30:44 - INFO - Created task: e56ea932-38a6-46ad-b997-a16e6625faea
2025-04-12 15:30:44 - INFO - Creating task for group 4 (Духи и туалетная вода)
2025-04-12 15:30:45 - INFO - Created task: 82dda57d-8a02-4fc9-96fd-74a2d92d3980
2025-04-12 15:30:45 - INFO - Creating task for group 5 (Шины и покрышки пневматические резиновые новые)
2025-04-12 15:30:45 - INFO - Created task: 3069d316-b66b-4af1-9d58-72ba68d76311
2025-04-12 15:30:45 - INFO - Creating task for group 8 (Молочная продукция)
2025-04-12 15:30:46 - INFO - Created task: 5fb34621-d0f2-4c3b-8f40-8631feeca701
2025-04-12 15:30:46 - INFO - Creating task for group 13 (Упакованная вода)
2025-04-12 15:30:47 - INFO - Created task: 9fad7af9-103f-4c8c-aed9-4ea71df7b78a
2025-04-12 15:30:47 - INFO - Creating task for group 15 (Пиво, напитки, изготавливаемые на основе пива, слабоалкогольные напитки)
2025-04-12 15:30:47 - INFO - Created task: d4e08f77-ad35-47ea-a1a3-5ab951b6b242
2025-04-12 15:30:47 - INFO - Creating task for group 17 (Биологически активные добавки к пище)
2025-04-12 15:30:48 - INFO - Created task: e0ae0ab8-e8f6-4d19-8582-64dd5d04d0f5
2025-04-12 15:30:48 - INFO - Creating task for group 23 (Соковая продукция и безалкогольные напитки)
2025-04-12 15:30:49 - INFO - Created task: 94ebd15c-03c8-4c0f-94c2-f672fb0fcbb8
2025-04-12 15:30:49 - INFO - Saved 10 tasks to output\Лежнева Евгения - тс55\pending_tasks.txt
2025-04-12 15:31:30 - INFO - Creating tasks for certificate: Лежнева Евгения - тс142
2025-04-12 15:31:30 - INFO - Using date range: 2025-04-11 to 2025-04-11 (yesterday's data)
2025-04-12 15:31:30 - INFO - Creating task for group 1 (Предметы одежды, бельё постельное, столовое, туалетное и кухонное)
2025-04-12 15:31:31 - INFO - Created task: d16545a1-bb86-4440-ae2c-6ac80921d4f3
2025-04-12 15:31:31 - INFO - Creating task for group 2 (Обувные товары)
2025-04-12 15:31:31 - INFO - Created task: 414a6530-79e8-40e2-aca3-2b7791ddf28b
2025-04-12 15:31:31 - INFO - Creating task for group 3 (Табачная продукция)
2025-04-12 15:31:32 - INFO - Created task: 18f3910e-7233-4ebf-b618-81bbc120a831
2025-04-12 15:31:32 - INFO - Creating task for group 4 (Духи и туалетная вода)
2025-04-12 15:31:33 - INFO - Created task: def72413-7c62-4862-900c-4b8881c8f754
2025-04-12 15:31:33 - INFO - Creating task for group 5 (Шины и покрышки пневматические резиновые новые)
2025-04-12 15:31:33 - INFO - Created task: 108cd2ce-cb31-4993-8746-4669ab59e0cc
2025-04-12 15:31:33 - INFO - Creating task for group 8 (Молочная продукция)
2025-04-12 15:31:34 - INFO - Created task: b7bb8b9b-77dc-415c-b335-061ec659733d
2025-04-12 15:31:34 - INFO - Creating task for group 13 (Упакованная вода)
2025-04-12 15:31:35 - INFO - Created task: c8a63f2f-8703-4849-a757-b3faa886da70
2025-04-12 15:31:35 - INFO - Creating task for group 15 (Пиво, напитки, изготавливаемые на основе пива, слабоалкогольные напитки)
2025-04-12 15:31:35 - INFO - Created task: 4422563d-510e-4dd3-84d4-db10b3056348
2025-04-12 15:31:35 - INFO - Creating task for group 17 (Биологически активные добавки к пище)
2025-04-12 15:31:36 - INFO - Created task: 0d5cebde-a29b-4f57-b2a8-35586c970d26
2025-04-12 15:31:36 - INFO - Creating task for group 23 (Соковая продукция и безалкогольные напитки)
2025-04-12 15:31:37 - INFO - Created task: ad6dbcc6-6d6e-4528-b98f-f1c889282960
2025-04-12 15:31:37 - INFO - Saved 10 tasks to output\Лежнева Евгения - тс142\pending_tasks.txt
2025-04-12 15:42:54 - INFO - Creating tasks for certificate: Омелина Татьяна - тс28
2025-04-12 15:42:54 - INFO - Using date range: 2025-04-11 to 2025-04-11 (yesterday's data)
2025-04-12 15:42:54 - INFO - Creating task for group 1 (Предметы одежды, бельё постельное, столовое, туалетное и кухонное)
2025-04-12 15:42:54 - INFO - Created task: 37f80a3a-6524-4c62-acf9-8e8c7a45beb6
2025-04-12 15:42:54 - INFO - Creating task for group 2 (Обувные товары)
2025-04-12 15:42:55 - INFO - Created task: 75d09037-3b07-4c75-8313-674ac51965d8
2025-04-12 15:42:55 - INFO - Creating task for group 3 (Табачная продукция)
2025-04-12 15:42:56 - INFO - Created task: 038ec5c3-da72-42c1-b4a0-df4a88c649d9
2025-04-12 15:42:56 - INFO - Creating task for group 4 (Духи и туалетная вода)
2025-04-12 15:42:56 - INFO - Created task: 5b31e009-54fb-4622-8ac9-5c5685561f9d
2025-04-12 15:42:56 - INFO - Creating task for group 5 (Шины и покрышки пневматические резиновые новые)
2025-04-12 15:42:57 - INFO - Created task: 64350bc6-9543-459e-8257-aa3a66ef62fe
2025-04-12 15:42:57 - INFO - Creating task for group 8 (Молочная продукция)
2025-04-12 15:42:58 - INFO - Created task: 8474146d-ada5-4853-8404-9cd8ddec4127
2025-04-12 15:42:58 - INFO - Creating task for group 13 (Упакованная вода)
2025-04-12 15:42:58 - INFO - Created task: 95727655-14c4-4e82-a8ae-802026323491
2025-04-12 15:42:58 - INFO - Creating task for group 15 (Пиво, напитки, изготавливаемые на основе пива, слабоалкогольные напитки)
2025-04-12 15:42:59 - INFO - Created task: 486ec1c2-4807-4084-82aa-acaa9167adb4
2025-04-12 15:42:59 - INFO - Creating task for group 17 (Биологически активные добавки к пище)
2025-04-12 15:43:00 - INFO - Created task: b27c8dd1-ac58-41d5-80f2-49495f6d2ae0
2025-04-12 15:43:00 - INFO - Creating task for group 23 (Соковая продукция и безалкогольные напитки)
2025-04-12 15:43:00 - INFO - Created task: 6b652034-a9dd-41cf-ac77-073f60ed92c0
2025-04-12 15:43:00 - INFO - Saved 10 tasks to output\Омелина Татьяна - тс28\pending_tasks.txt
2025-04-12 15:43:41 - INFO - Creating tasks for certificate: Хуторская Татьяна - тс324
2025-04-12 15:43:41 - INFO - Using date range: 2025-04-11 to 2025-04-11 (yesterday's data)
2025-04-12 15:43:41 - INFO - Creating task for group 1 (Предметы одежды, бельё постельное, столовое, туалетное и кухонное)
2025-04-12 15:43:42 - INFO - Created task: 1d1f4dd0-1258-4577-9675-e97245db76f2
2025-04-12 15:43:42 - INFO - Creating task for group 2 (Обувные товары)
2025-04-12 15:43:43 - INFO - Created task: 65f02ca4-e595-41c1-b386-a72bed703fe4
2025-04-12 15:43:43 - INFO - Creating task for group 3 (Табачная продукция)
2025-04-12 15:43:43 - INFO - Created task: 69c76345-1931-4dfa-bbbf-9d045c75711b
2025-04-12 15:43:43 - INFO - Creating task for group 4 (Духи и туалетная вода)
2025-04-12 15:43:44 - INFO - Created task: 274daefe-d9d0-4a42-8d0f-0da00148886e
2025-04-12 15:43:44 - INFO - Creating task for group 5 (Шины и покрышки пневматические резиновые новые)
2025-04-12 15:43:45 - INFO - Created task: 1cac0101-c06e-4c67-a83a-b10479c9e5d0
2025-04-12 15:43:45 - INFO - Creating task for group 8 (Молочная продукция)
2025-04-12 15:43:45 - INFO - Created task: d69c073d-5917-4e19-92c3-492da977e6b4
2025-04-12 15:43:45 - INFO - Creating task for group 13 (Упакованная вода)
2025-04-12 15:43:46 - INFO - Created task: 476238dc-aa55-41c9-91a4-47b2cc8f9479
2025-04-12 15:43:46 - INFO - Creating task for group 15 (Пиво, напитки, изготавливаемые на основе пива, слабоалкогольные напитки)
2025-04-12 15:43:47 - INFO - Created task: 09473f66-effa-4503-827b-b679337f22d8
2025-04-12 15:43:47 - INFO - Creating task for group 17 (Биологически активные добавки к пище)
2025-04-12 15:43:47 - INFO - Created task: 141af4cf-a68a-4bdd-ab04-bd685e3a5dbc
2025-04-12 15:43:47 - INFO - Creating task for group 23 (Соковая продукция и безалкогольные напитки)
2025-04-12 15:43:48 - INFO - Created task: fb5d5fa4-0155-4036-8450-0ef76c4fad22
2025-04-12 15:43:48 - INFO - Saved 10 tasks to output\Хуторская Татьяна - тс324\pending_tasks.txt
2025-04-12 15:44:08 - INFO - Creating tasks for certificate: Хуторская Татьяна - тс124
2025-04-12 15:44:08 - INFO - Using date range: 2025-04-11 to 2025-04-11 (yesterday's data)
2025-04-12 15:44:08 - INFO - Creating task for group 1 (Предметы одежды, бельё постельное, столовое, туалетное и кухонное)
2025-04-12 15:44:08 - INFO - Created task: 2d3b07eb-292a-483f-bf1a-789466f4be5c
2025-04-12 15:44:08 - INFO - Creating task for group 2 (Обувные товары)
2025-04-12 15:44:09 - INFO - Created task: 2e890f83-6a47-4217-ac4d-86dfbf41b5d9
2025-04-12 15:44:09 - INFO - Creating task for group 3 (Табачная продукция)
2025-04-12 15:44:10 - INFO - Created task: ba2f6fe7-8477-4fd6-b7bc-5c52a6364a55
2025-04-12 15:44:10 - INFO - Creating task for group 4 (Духи и туалетная вода)
2025-04-12 15:44:10 - INFO - Created task: cd229637-6072-4676-9c5f-d96669afefec
2025-04-12 15:44:10 - INFO - Creating task for group 5 (Шины и покрышки пневматические резиновые новые)
2025-04-12 15:44:11 - INFO - Created task: 21dfc889-0eda-44e4-9261-3beeb8b25f91
2025-04-12 15:44:11 - INFO - Creating task for group 8 (Молочная продукция)
2025-04-12 15:44:12 - INFO - Created task: c757ecda-a0a9-4774-b1ce-6b0f503a4f1b
2025-04-12 15:44:12 - INFO - Creating task for group 13 (Упакованная вода)
2025-04-12 15:44:12 - INFO - Created task: 5790c30a-9ffa-4160-9409-e1e09cf20337
2025-04-12 15:44:12 - INFO - Creating task for group 15 (Пиво, напитки, изготавливаемые на основе пива, слабоалкогольные напитки)
2025-04-12 15:44:13 - INFO - Created task: 710d1e01-03ce-42b8-979b-725846608462
2025-04-12 15:44:13 - INFO - Creating task for group 17 (Биологически активные добавки к пище)
2025-04-12 15:44:14 - INFO - Created task: 856727da-789e-46a8-9eb6-abfde7d3c52c
2025-04-12 15:44:14 - INFO - Creating task for group 23 (Соковая продукция и безалкогольные напитки)
2025-04-12 15:44:14 - INFO - Created task: 238acc1d-0039-48ca-9f50-43b9660342d7
2025-04-12 15:44:14 - INFO - Saved 10 tasks to output\Хуторская Татьяна - тс124\pending_tasks.txt
2025-04-12 15:44:55 - INFO - Creating tasks for certificate: Хуторская Татьяна - тс3
2025-04-12 15:44:55 - INFO - Using date range: 2025-04-11 to 2025-04-11 (yesterday's data)
2025-04-12 15:44:55 - INFO - Creating task for group 1 (Предметы одежды, бельё постельное, столовое, туалетное и кухонное)
2025-04-12 15:44:55 - INFO - Created task: b267ccc6-75d4-4b2e-ad6d-96e776f09145
2025-04-12 15:44:55 - INFO - Creating task for group 2 (Обувные товары)
2025-04-12 15:44:56 - INFO - Created task: c4d599ef-9096-4a85-87c9-bd1723a2aeaa
2025-04-12 15:44:56 - INFO - Creating task for group 3 (Табачная продукция)
2025-04-12 15:44:57 - INFO - Created task: b0912ad3-83ca-45ca-9657-03af98d7e710
2025-04-12 15:44:57 - INFO - Creating task for group 4 (Духи и туалетная вода)
2025-04-12 15:44:57 - INFO - Created task: 4f71289e-5c0b-4a3c-a387-0a756db99f5f
2025-04-12 15:44:57 - INFO - Creating task for group 5 (Шины и покрышки пневматические резиновые новые)
2025-04-12 15:44:58 - INFO - Created task: 2e2f89e3-c37e-494c-8549-b3a3ff2f5fd4
2025-04-12 15:44:58 - INFO - Creating task for group 8 (Молочная продукция)
2025-04-12 15:44:59 - INFO - Created task: e40dfbb8-bc2a-4e68-915c-3413ba8d12da
2025-04-12 15:44:59 - INFO - Creating task for group 13 (Упакованная вода)
2025-04-12 15:44:59 - INFO - Created task: 83fcf426-e3d5-4cc5-92c1-ad177d2f5b6c
2025-04-12 15:44:59 - INFO - Creating task for group 15 (Пиво, напитки, изготавливаемые на основе пива, слабоалкогольные напитки)
2025-04-12 15:45:00 - INFO - Created task: 42a0d855-3a23-48f0-b17b-27558c821b5a
2025-04-12 15:45:00 - INFO - Creating task for group 17 (Биологически активные добавки к пище)
2025-04-12 15:45:01 - INFO - Created task: d89647e8-a614-4b69-b18e-98bba9c8effa
2025-04-12 15:45:01 - INFO - Creating task for group 23 (Соковая продукция и безалкогольные напитки)
2025-04-12 15:45:01 - INFO - Created task: 760fbdfe-e3da-4d14-bf56-e5664a474cb9
2025-04-12 15:45:01 - INFO - Saved 10 tasks to output\Хуторская Татьяна - тс3\pending_tasks.txt
2025-04-12 15:45:42 - INFO - Creating tasks for certificate: Хуторская Татьяна - тс5
2025-04-12 15:45:42 - INFO - Using date range: 2025-04-11 to 2025-04-11 (yesterday's data)
2025-04-12 15:45:42 - INFO - Creating task for group 1 (Предметы одежды, бельё постельное, столовое, туалетное и кухонное)
2025-04-12 15:45:43 - INFO - Created task: a048a37f-e02e-4d8c-88c2-df78f99bf4a3
2025-04-12 15:45:43 - INFO - Creating task for group 2 (Обувные товары)
2025-04-12 15:45:43 - INFO - Created task: e39aa288-a15b-46c4-837b-a3165c3f6308
2025-04-12 15:45:43 - INFO - Creating task for group 3 (Табачная продукция)
2025-04-12 15:45:44 - INFO - Created task: e6863e62-1f38-402c-8297-a051eb0b4caf
2025-04-12 15:45:44 - INFO - Creating task for group 4 (Духи и туалетная вода)
2025-04-12 15:45:44 - INFO - Created task: f7e15051-97a9-4df8-a6c9-4dadb585e82a
2025-04-12 15:45:44 - INFO - Creating task for group 5 (Шины и покрышки пневматические резиновые новые)
2025-04-12 15:45:45 - INFO - Created task: c46803ec-3a3a-4ab9-8e3d-63fa64b858d0
2025-04-12 15:45:45 - INFO - Creating task for group 8 (Молочная продукция)
2025-04-12 15:45:46 - INFO - Created task: f58a80c7-54d5-4c7d-923b-6f8cab807c9d
2025-04-12 15:45:46 - INFO - Creating task for group 13 (Упакованная вода)
2025-04-12 15:45:46 - INFO - Created task: eebc57a2-c469-49d1-8e81-a5d2851bca67
2025-04-12 15:45:46 - INFO - Creating task for group 15 (Пиво, напитки, изготавливаемые на основе пива, слабоалкогольные напитки)
2025-04-12 15:45:47 - INFO - Created task: 0571790a-dff0-4113-b64c-500c0fc8f393
2025-04-12 15:45:47 - INFO - Creating task for group 17 (Биологически активные добавки к пище)
2025-04-12 15:45:48 - INFO - Created task: 0010ad67-9702-4300-9a3c-c36fbc03ada4
2025-04-12 15:45:48 - INFO - Creating task for group 23 (Соковая продукция и безалкогольные напитки)
2025-04-12 15:45:48 - INFO - Created task: 5faec044-d14d-46a8-865d-f5e5407f06d6
2025-04-12 15:45:48 - INFO - Saved 10 tasks to output\Хуторская Татьяна - тс5\pending_tasks.txt
2025-04-12 15:46:08 - INFO - Creating tasks for certificate: Лежнева Евгения - тс54
2025-04-12 15:46:08 - INFO - Using date range: 2025-04-11 to 2025-04-11 (yesterday's data)
2025-04-12 15:46:08 - INFO - Creating task for group 1 (Предметы одежды, бельё постельное, столовое, туалетное и кухонное)
2025-04-12 15:46:09 - INFO - Created task: 4a5b01c8-cc39-486d-a06d-fb03fa85b28f
2025-04-12 15:46:09 - INFO - Creating task for group 2 (Обувные товары)
2025-04-12 15:46:09 - INFO - Created task: 6564a2f3-e270-431b-9333-c4a6b244cb7b
2025-04-12 15:46:09 - INFO - Creating task for group 3 (Табачная продукция)
2025-04-12 15:46:10 - INFO - Created task: 02ff964c-d11d-4ed3-940b-72711da05a7d
2025-04-12 15:46:10 - INFO - Creating task for group 4 (Духи и туалетная вода)
2025-04-12 15:46:11 - INFO - Created task: dda50b9a-693a-4a09-a285-3458ae2088ad
2025-04-12 15:46:11 - INFO - Creating task for group 5 (Шины и покрышки пневматические резиновые новые)
2025-04-12 15:46:11 - INFO - Created task: fae9dd47-b55d-456b-86b1-f8cda12cb380
2025-04-12 15:46:11 - INFO - Creating task for group 8 (Молочная продукция)
2025-04-12 15:46:12 - INFO - Created task: b6960465-9bcd-4a51-a64f-9da3b0735fbb
2025-04-12 15:46:12 - INFO - Creating task for group 13 (Упакованная вода)
2025-04-12 15:46:13 - INFO - Created task: d9d54530-ebf6-4281-8e77-834d2a33efd8
2025-04-12 15:46:13 - INFO - Creating task for group 15 (Пиво, напитки, изготавливаемые на основе пива, слабоалкогольные напитки)
2025-04-12 15:46:13 - INFO - Created task: a9ccaaef-4fb0-4f3c-95de-00ae8b3f4dbc
2025-04-12 15:46:13 - INFO - Creating task for group 17 (Биологически активные добавки к пище)
2025-04-12 15:46:14 - INFO - Created task: cbd4bd14-f749-4dcd-8260-c589bc09d98f
2025-04-12 15:46:14 - INFO - Creating task for group 23 (Соковая продукция и безалкогольные напитки)
2025-04-12 15:46:15 - INFO - Created task: 0b04477d-23d1-4c85-b456-231daaab1893
2025-04-12 15:46:15 - INFO - Saved 10 tasks to output\Лежнева Евгения - тс54\pending_tasks.txt
2025-04-12 15:46:56 - INFO - Creating tasks for certificate: Лежнева Евгения - тс55
2025-04-12 15:46:56 - INFO - Using date range: 2025-04-11 to 2025-04-11 (yesterday's data)
2025-04-12 15:46:56 - INFO - Creating task for group 1 (Предметы одежды, бельё постельное, столовое, туалетное и кухонное)
2025-04-12 15:46:56 - INFO - Created task: f47dbbc8-9bed-4ead-9b31-fd75f3bf906b
2025-04-12 15:46:56 - INFO - Creating task for group 2 (Обувные товары)
2025-04-12 15:46:57 - INFO - Created task: 70a1934c-a753-4388-ad08-13e57291e6c9
2025-04-12 15:46:57 - INFO - Creating task for group 3 (Табачная продукция)
2025-04-12 15:46:58 - INFO - Created task: 6d93b137-25a4-4097-ae93-b710aa3aed59
2025-04-12 15:46:58 - INFO - Creating task for group 4 (Духи и туалетная вода)
2025-04-12 15:46:58 - INFO - Created task: 0c75ecaf-4a32-445d-8441-8c5ab825f5ac
2025-04-12 15:46:58 - INFO - Creating task for group 5 (Шины и покрышки пневматические резиновые новые)
2025-04-12 15:46:59 - INFO - Created task: 7b1cb461-4831-43d3-938b-16e839d6853c
2025-04-12 15:46:59 - INFO - Creating task for group 8 (Молочная продукция)
2025-04-12 15:47:00 - INFO - Created task: 90385ffb-42b0-4bac-8c4a-22b7567c1c76
2025-04-12 15:47:00 - INFO - Creating task for group 13 (Упакованная вода)
2025-04-12 15:47:00 - INFO - Created task: 0aeee45b-8f39-4fe1-8b3e-39a6deb3d52e
2025-04-12 15:47:00 - INFO - Creating task for group 15 (Пиво, напитки, изготавливаемые на основе пива, слабоалкогольные напитки)
2025-04-12 15:47:01 - INFO - Created task: c51d0ea6-1e40-42d5-9ddb-3fcf40cb5444
2025-04-12 15:47:01 - INFO - Creating task for group 17 (Биологически активные добавки к пище)
2025-04-12 15:47:02 - INFO - Created task: 98b2aa64-0969-42ec-b586-9103933eed41
2025-04-12 15:47:02 - INFO - Creating task for group 23 (Соковая продукция и безалкогольные напитки)
2025-04-12 15:47:02 - INFO - Created task: 0a0d675b-c4ba-41d2-839e-9aa57e90e51f
2025-04-12 15:47:02 - INFO - Saved 10 tasks to output\Лежнева Евгения - тс55\pending_tasks.txt
2025-04-12 15:47:43 - INFO - Creating tasks for certificate: Лежнева Евгения - тс142
2025-04-12 15:47:43 - INFO - Using date range: 2025-04-11 to 2025-04-11 (yesterday's data)
2025-04-12 15:47:43 - INFO - Creating task for group 1 (Предметы одежды, бельё постельное, столовое, туалетное и кухонное)
2025-04-12 15:47:44 - INFO - Created task: 94aa47d3-0d4d-4499-90e2-d4dd2fd79336
2025-04-12 15:47:44 - INFO - Creating task for group 2 (Обувные товары)
2025-04-12 15:47:44 - INFO - Created task: c11df67f-2e31-4414-a34b-2de0fe666acf
2025-04-12 15:47:44 - INFO - Creating task for group 3 (Табачная продукция)
2025-04-12 15:47:45 - INFO - Created task: bee777c4-e94e-4deb-bbd0-54c2d05e2a66
2025-04-12 15:47:45 - INFO - Creating task for group 4 (Духи и туалетная вода)
2025-04-12 15:47:46 - INFO - Created task: e16adc04-fa8a-4ac9-b804-ebd53f18f512
2025-04-12 15:47:46 - INFO - Creating task for group 5 (Шины и покрышки пневматические резиновые новые)
2025-04-12 15:47:46 - INFO - Created task: 8d1671e5-c9f8-4c35-9722-62fca8f72eef
2025-04-12 15:47:46 - INFO - Creating task for group 8 (Молочная продукция)
2025-04-12 15:47:47 - INFO - Created task: 5599b33d-4088-4849-b479-4b26942a3e3b
2025-04-12 15:47:47 - INFO - Creating task for group 13 (Упакованная вода)
2025-04-12 15:47:48 - INFO - Created task: 9fd43f9e-db41-4941-9939-781d2a948270
2025-04-12 15:47:48 - INFO - Creating task for group 15 (Пиво, напитки, изготавливаемые на основе пива, слабоалкогольные напитки)
2025-04-12 15:47:48 - INFO - Created task: e9746a3d-b08e-42d3-b976-b08c6450dcef
2025-04-12 15:47:48 - INFO - Creating task for group 17 (Биологически активные добавки к пище)
2025-04-12 15:47:49 - INFO - Created task: 55e6f3a6-a007-4055-b3b8-6019b3ae4a80
2025-04-12 15:47:49 - INFO - Creating task for group 23 (Соковая продукция и безалкогольные напитки)
2025-04-12 15:47:50 - INFO - Created task: 9ca519dc-422f-4e67-b264-a88413c093cc
2025-04-12 15:47:50 - INFO - Saved 10 tasks to output\Лежнева Евгения - тс142\pending_tasks.txt
2025-04-12 15:53:45 - INFO - Creating tasks for certificate: Омелина Татьяна - тс28
2025-04-12 15:53:45 - INFO - Using date range: 2025-04-11 to 2025-04-11 (yesterday's data)
2025-04-12 15:53:45 - INFO - Creating task for group 1 (Предметы одежды, бельё постельное, столовое, туалетное и кухонное)
2025-04-12 15:53:46 - INFO - Created task: 21a04861-2f86-40cb-b595-f10de3b75e70
2025-04-12 15:53:46 - INFO - Creating task for group 2 (Обувные товары)
2025-04-12 15:53:47 - INFO - Created task: 2a138e1a-eccb-4a1d-b7e5-b71f9f7b8745
2025-04-12 15:53:47 - INFO - Creating task for group 3 (Табачная продукция)
2025-04-12 15:53:47 - INFO - Created task: 25235e61-96c0-4a20-ab20-0cd7afdbf448
2025-04-12 15:53:47 - INFO - Creating task for group 4 (Духи и туалетная вода)
2025-04-12 15:53:48 - INFO - Created task: 80ccb55a-7dfe-478d-9fc8-ce3e86836e0a
2025-04-12 15:53:48 - INFO - Creating task for group 5 (Шины и покрышки пневматические резиновые новые)
2025-04-12 15:53:49 - INFO - Created task: cd2116e8-50d4-4b75-aa3c-388e29be0800
2025-04-12 15:53:49 - INFO - Creating task for group 8 (Молочная продукция)
2025-04-12 15:53:49 - INFO - Created task: dc387d3d-f8d7-496d-aa5e-be068269df60
2025-04-12 15:53:49 - INFO - Creating task for group 13 (Упакованная вода)
2025-04-12 15:53:50 - INFO - Created task: fb6c7b7e-478c-4c32-b83a-30971b6b5f3e
2025-04-12 15:53:50 - INFO - Creating task for group 15 (Пиво, напитки, изготавливаемые на основе пива, слабоалкогольные напитки)
2025-04-12 15:53:51 - INFO - Created task: b98adcc4-c059-430b-9e6d-f1fca89e5c91
2025-04-12 15:53:51 - INFO - Creating task for group 17 (Биологически активные добавки к пище)
2025-04-12 15:53:52 - INFO - Created task: 3ba4e27b-62c6-481c-b047-7a5ac76190f7
2025-04-12 15:53:52 - INFO - Creating task for group 23 (Соковая продукция и безалкогольные напитки)
2025-04-12 15:53:52 - INFO - Created task: c7056771-0b61-497f-9805-3e2c3335a28b
2025-04-12 15:53:52 - INFO - Saved 10 tasks to output\Омелина Татьяна - тс28\pending_tasks.txt
2025-04-12 15:54:34 - INFO - Creating tasks for certificate: Хуторская Татьяна - тс324
2025-04-12 15:54:34 - INFO - Using date range: 2025-04-11 to 2025-04-11 (yesterday's data)
2025-04-12 15:54:34 - INFO - Creating task for group 1 (Предметы одежды, бельё постельное, столовое, туалетное и кухонное)
2025-04-12 15:54:35 - INFO - Created task: 13377485-a4eb-4cfb-b9f8-61e667a15d31
2025-04-12 15:54:35 - INFO - Creating task for group 2 (Обувные товары)
2025-04-12 15:54:36 - INFO - Created task: 1cda6322-26c2-4898-8445-1f239d04e4f8
2025-04-12 15:54:36 - INFO - Creating task for group 3 (Табачная продукция)
2025-04-12 15:54:36 - INFO - Created task: 83439b12-1ee8-4df0-8c7f-9b0e896dc295
2025-04-12 15:54:36 - INFO - Creating task for group 4 (Духи и туалетная вода)
2025-04-12 15:54:37 - INFO - Created task: 789e4d84-b8b3-4bb6-9fe5-0e52f89c2a67
2025-04-12 15:54:37 - INFO - Creating task for group 5 (Шины и покрышки пневматические резиновые новые)
2025-04-12 15:54:38 - INFO - Created task: 96172569-b8ec-4939-b9f4-318db3f3eb8c
2025-04-12 15:54:38 - INFO - Creating task for group 8 (Молочная продукция)
2025-04-12 15:54:38 - INFO - Created task: 4ce39401-69a7-471f-8b7e-734fea023c57
2025-04-12 15:54:38 - INFO - Creating task for group 13 (Упакованная вода)
2025-04-12 15:54:39 - INFO - Created task: ea287350-72ee-4cff-9a69-b6e0f3e1402e
2025-04-12 15:54:39 - INFO - Creating task for group 15 (Пиво, напитки, изготавливаемые на основе пива, слабоалкогольные напитки)
2025-04-12 15:54:40 - INFO - Created task: 69b86213-481e-49c4-a0d7-f7c8659dc8ee
2025-04-12 15:54:40 - INFO - Creating task for group 17 (Биологически активные добавки к пище)
2025-04-12 15:54:40 - INFO - Created task: 508b34e7-b31a-43a2-9a3c-079d680cbfde
2025-04-12 15:54:40 - INFO - Creating task for group 23 (Соковая продукция и безалкогольные напитки)
2025-04-12 15:54:41 - INFO - Created task: d20275df-e6aa-47b9-b9dc-b240490bab23
2025-04-12 15:54:41 - INFO - Saved 10 tasks to output\Хуторская Татьяна - тс324\pending_tasks.txt
2025-04-12 15:55:22 - INFO - Creating tasks for certificate: Хуторская Татьяна - тс124
2025-04-12 15:55:22 - INFO - Using date range: 2025-04-11 to 2025-04-11 (yesterday's data)
2025-04-12 15:55:22 - INFO - Creating task for group 1 (Предметы одежды, бельё постельное, столовое, туалетное и кухонное)
2025-04-12 15:55:22 - INFO - Created task: 703f2f01-3e24-4a35-8b0a-c80d78e8cacd
2025-04-12 15:55:22 - INFO - Creating task for group 2 (Обувные товары)
2025-04-12 15:55:23 - INFO - Created task: a89f4f8f-4c6b-457e-ae9a-a6d872a35c02
2025-04-12 15:55:23 - INFO - Creating task for group 3 (Табачная продукция)
2025-04-12 15:55:24 - INFO - Created task: f6a2f762-19dd-41c7-b366-b9a226efae84
2025-04-12 15:55:24 - INFO - Creating task for group 4 (Духи и туалетная вода)
2025-04-12 15:55:24 - INFO - Created task: 995d0b65-8450-47fe-9fd4-292e73e1c508
2025-04-12 15:55:24 - INFO - Creating task for group 5 (Шины и покрышки пневматические резиновые новые)
2025-04-12 15:55:25 - INFO - Created task: 5fbaf11c-de20-4ec2-88fe-0f5cd3999c58
2025-04-12 15:55:25 - INFO - Creating task for group 8 (Молочная продукция)
2025-04-12 15:55:26 - INFO - Created task: cc0266c1-fcd5-44bc-a2f5-1a42a52eaa41
2025-04-12 15:55:26 - INFO - Creating task for group 13 (Упакованная вода)
2025-04-12 15:55:26 - INFO - Created task: 8920360e-8a93-4b91-8d4e-bf94deb4e169
2025-04-12 15:55:26 - INFO - Creating task for group 15 (Пиво, напитки, изготавливаемые на основе пива, слабоалкогольные напитки)
2025-04-12 15:55:27 - INFO - Created task: 718a4355-c02a-4e43-a03d-81159dd83a96
2025-04-12 15:55:27 - INFO - Creating task for group 17 (Биологически активные добавки к пище)
2025-04-12 15:55:28 - INFO - Created task: dbe4f5bf-f8a8-40ea-82db-e2c465563b12
2025-04-12 15:55:28 - INFO - Creating task for group 23 (Соковая продукция и безалкогольные напитки)
2025-04-12 15:55:28 - INFO - Created task: b71280ea-66d9-4685-8369-d4c0b433273d
2025-04-12 15:55:28 - INFO - Saved 10 tasks to output\Хуторская Татьяна - тс124\pending_tasks.txt
2025-04-12 15:55:48 - INFO - Creating tasks for certificate: Хуторская Татьяна - тс3
2025-04-12 15:55:48 - INFO - Using date range: 2025-04-11 to 2025-04-11 (yesterday's data)
2025-04-12 15:55:48 - INFO - Creating task for group 1 (Предметы одежды, бельё постельное, столовое, туалетное и кухонное)
2025-04-12 15:55:49 - INFO - Created task: d7b35a01-dce6-4e7a-b2d2-f7c81eda01f6
2025-04-12 15:55:49 - INFO - Creating task for group 2 (Обувные товары)
2025-04-12 15:55:50 - INFO - Created task: a32b8473-8a07-43c3-9c47-e1fb40ebafb2
2025-04-12 15:55:50 - INFO - Creating task for group 3 (Табачная продукция)
2025-04-12 15:55:50 - INFO - Created task: c444bef6-0bfe-4090-a18e-f706173098f6
2025-04-12 15:55:50 - INFO - Creating task for group 4 (Духи и туалетная вода)
2025-04-12 15:55:51 - INFO - Created task: 869c02c0-e8fd-4452-a4a6-282af8820397
2025-04-12 15:55:51 - INFO - Creating task for group 5 (Шины и покрышки пневматические резиновые новые)
2025-04-12 15:55:52 - INFO - Created task: b7e6104d-0db7-4aeb-8540-fed0c027c208
2025-04-12 15:55:52 - INFO - Creating task for group 8 (Молочная продукция)
2025-04-12 15:55:52 - INFO - Created task: 9089a33d-3f9d-41ac-9f59-9152c1b89a47
2025-04-12 15:55:52 - INFO - Creating task for group 13 (Упакованная вода)
2025-04-12 15:55:53 - INFO - Created task: ec2e0de7-91c2-4674-b246-93cb065c78a1
2025-04-12 15:55:53 - INFO - Creating task for group 15 (Пиво, напитки, изготавливаемые на основе пива, слабоалкогольные напитки)
2025-04-12 15:55:54 - INFO - Created task: 50334762-8e70-4a1f-8976-38370e145be2
2025-04-12 15:55:54 - INFO - Creating task for group 17 (Биологически активные добавки к пище)
2025-04-12 15:55:54 - INFO - Created task: 6cc7239e-b134-4fe4-a326-1b0b0692b17d
2025-04-12 15:55:54 - INFO - Creating task for group 23 (Соковая продукция и безалкогольные напитки)
2025-04-12 15:55:55 - INFO - Created task: d48d1117-fdda-4ab7-bb2e-5e0f1c77f609
2025-04-12 15:55:55 - INFO - Saved 10 tasks to output\Хуторская Татьяна - тс3\pending_tasks.txt
2025-04-12 15:56:35 - INFO - Creating tasks for certificate: Хуторская Татьяна - тс5
2025-04-12 15:56:35 - INFO - Using date range: 2025-04-11 to 2025-04-11 (yesterday's data)
2025-04-12 15:56:35 - INFO - Creating task for group 1 (Предметы одежды, бельё постельное, столовое, туалетное и кухонное)
2025-04-12 15:56:36 - INFO - Created task: 13e48a2c-5f4b-40c0-b944-f951730fc79d
2025-04-12 15:56:36 - INFO - Creating task for group 2 (Обувные товары)
2025-04-12 15:56:37 - INFO - Created task: 7eed6b08-4c71-44c5-99ba-5f7785a8429a
2025-04-12 15:56:37 - INFO - Creating task for group 3 (Табачная продукция)
2025-04-12 15:56:38 - INFO - Created task: 8360595c-865a-4e5e-aa3e-b03abbc39e15
2025-04-12 15:56:38 - INFO - Creating task for group 4 (Духи и туалетная вода)
2025-04-12 15:56:38 - INFO - Created task: b2af7e20-eb7e-4302-9894-7a259c8d27ac
2025-04-12 15:56:38 - INFO - Creating task for group 5 (Шины и покрышки пневматические резиновые новые)
2025-04-12 15:56:39 - INFO - Created task: 1c44cbff-92b4-4d5c-b9e9-7e714f76aef6
2025-04-12 15:56:39 - INFO - Creating task for group 8 (Молочная продукция)
2025-04-12 15:56:40 - INFO - Created task: a92e9152-37d8-4960-912f-efcce60d895c
2025-04-12 15:56:40 - INFO - Creating task for group 13 (Упакованная вода)
2025-04-12 15:56:40 - INFO - Created task: 2526c282-c4a2-467d-9d48-77f67796652b
2025-04-12 15:56:40 - INFO - Creating task for group 15 (Пиво, напитки, изготавливаемые на основе пива, слабоалкогольные напитки)
2025-04-12 15:56:41 - INFO - Created task: 95b7f256-f6db-4ef5-a117-07bb67aef3b6
2025-04-12 15:56:41 - INFO - Creating task for group 17 (Биологически активные добавки к пище)
2025-04-12 15:56:42 - INFO - Created task: 3eaa3948-0049-42f5-853b-aa33bfd66489
2025-04-12 15:56:42 - INFO - Creating task for group 23 (Соковая продукция и безалкогольные напитки)
2025-04-12 15:56:42 - INFO - Created task: 0024fc58-90b1-484e-a599-e965e9f5a9bb
2025-04-12 15:56:42 - INFO - Saved 10 tasks to output\Хуторская Татьяна - тс5\pending_tasks.txt
2025-04-12 15:57:43 - INFO - Creating tasks for certificate: Лежнева Евгения - тс54
2025-04-12 15:57:43 - INFO - Using date range: 2025-04-11 to 2025-04-11 (yesterday's data)
2025-04-12 15:57:43 - INFO - Creating task for group 1 (Предметы одежды, бельё постельное, столовое, туалетное и кухонное)
2025-04-12 15:57:45 - INFO - Created task: f462728c-d10f-4575-8f5f-76ce07a24bea
2025-04-12 15:57:45 - INFO - Creating task for group 2 (Обувные товары)
2025-04-12 15:57:46 - INFO - Created task: 605d9343-1ca3-4aa5-b4d7-c0bf812a59a6
2025-04-12 15:57:46 - INFO - Creating task for group 3 (Табачная продукция)
2025-04-12 15:57:48 - INFO - Created task: 9712eb1e-f5e8-45d5-82e6-a421510198b0
2025-04-12 15:57:48 - INFO - Creating task for group 4 (Духи и туалетная вода)
2025-04-12 15:57:50 - INFO - Created task: 315bf697-cc57-4c9c-9291-69bb6362a483
2025-04-12 15:57:50 - INFO - Creating task for group 5 (Шины и покрышки пневматические резиновые новые)
2025-04-12 15:57:51 - INFO - Created task: 21a9c036-6e65-42dd-9359-98d51eae7428
2025-04-12 15:57:51 - INFO - Creating task for group 8 (Молочная продукция)
2025-04-12 15:57:52 - INFO - Created task: 1c77d70b-fa46-41e9-838f-b3221bbd49fd
2025-04-12 15:57:52 - INFO - Creating task for group 13 (Упакованная вода)
2025-04-12 15:57:53 - INFO - Created task: be130139-bed5-4340-8d55-8de045b03aea
2025-04-12 15:57:53 - INFO - Creating task for group 15 (Пиво, напитки, изготавливаемые на основе пива, слабоалкогольные напитки)
2025-04-12 15:57:54 - INFO - Created task: 1bee9530-d22f-41f5-a9d8-73a6b25c2149
2025-04-12 15:57:54 - INFO - Creating task for group 17 (Биологически активные добавки к пище)
2025-04-12 15:57:54 - INFO - Created task: 1283cd2b-5923-4722-9e09-d93a14ffb7f6
2025-04-12 15:57:54 - INFO - Creating task for group 23 (Соковая продукция и безалкогольные напитки)
2025-04-12 15:57:55 - INFO - Created task: bfd098a1-d76a-4a8f-9dfb-2b8af5a760a6
2025-04-12 15:57:55 - INFO - Saved 10 tasks to output\Лежнева Евгения - тс54\pending_tasks.txt
2025-04-12 15:58:15 - INFO - Creating tasks for certificate: Лежнева Евгения - тс55
2025-04-12 15:58:15 - INFO - Using date range: 2025-04-11 to 2025-04-11 (yesterday's data)
2025-04-12 15:58:15 - INFO - Creating task for group 1 (Предметы одежды, бельё постельное, столовое, туалетное и кухонное)
2025-04-12 15:58:16 - INFO - Created task: 42affe27-ac74-46c0-8550-9a13e7484209
2025-04-12 15:58:16 - INFO - Creating task for group 2 (Обувные товары)
2025-04-12 15:58:16 - INFO - Created task: cb98ab86-f3ff-4b6f-9d61-000b7679243d
2025-04-12 15:58:16 - INFO - Creating task for group 3 (Табачная продукция)
2025-04-12 15:58:17 - INFO - Created task: 4563dfa3-8872-4d13-b144-bea6c3ad3a37
2025-04-12 15:58:17 - INFO - Creating task for group 4 (Духи и туалетная вода)
2025-04-12 15:58:18 - INFO - Created task: 8619b254-6478-4ce8-82ac-739818b51f70
2025-04-12 15:58:18 - INFO - Creating task for group 5 (Шины и покрышки пневматические резиновые новые)
2025-04-12 15:58:18 - INFO - Created task: 612a08b4-2f36-40c2-9d3c-159cde896b0e
2025-04-12 15:58:18 - INFO - Creating task for group 8 (Молочная продукция)
2025-04-12 15:58:19 - INFO - Created task: 0b502946-0e24-4d3a-bfef-4c4387739bc6
2025-04-12 15:58:19 - INFO - Creating task for group 13 (Упакованная вода)
2025-04-12 15:58:20 - INFO - Created task: 1e285075-c0d6-49c0-af4f-2a8e3f91741d
2025-04-12 15:58:20 - INFO - Creating task for group 15 (Пиво, напитки, изготавливаемые на основе пива, слабоалкогольные напитки)
2025-04-12 15:58:20 - INFO - Created task: b60d497c-d06b-4803-be5a-fbf58c0662ae
2025-04-12 15:58:20 - INFO - Creating task for group 17 (Биологически активные добавки к пище)
2025-04-12 15:58:21 - INFO - Created task: 2b9380d0-3f32-4be6-b625-91091d8d97cd
2025-04-12 15:58:21 - INFO - Creating task for group 23 (Соковая продукция и безалкогольные напитки)
2025-04-12 15:58:22 - INFO - Created task: c9c25a19-a669-4761-b116-7f6646793b04
2025-04-12 15:58:22 - INFO - Saved 10 tasks to output\Лежнева Евгения - тс55\pending_tasks.txt
2025-04-12 15:59:03 - INFO - Creating tasks for certificate: Лежнева Евгения - тс142
2025-04-12 15:59:03 - INFO - Using date range: 2025-04-11 to 2025-04-11 (yesterday's data)
2025-04-12 15:59:03 - INFO - Creating task for group 1 (Предметы одежды, бельё постельное, столовое, туалетное и кухонное)
2025-04-12 15:59:03 - INFO - Created task: 61a468bd-e160-4ddb-9e51-d72f0c6c90e0
2025-04-12 15:59:03 - INFO - Creating task for group 2 (Обувные товары)
2025-04-12 15:59:04 - INFO - Created task: b048cad3-a159-49ae-a4e5-6aba974b09eb
2025-04-12 15:59:04 - INFO - Creating task for group 3 (Табачная продукция)
2025-04-12 15:59:05 - INFO - Created task: 6927b2e0-2c29-4775-bb0d-07e68086be52
2025-04-12 15:59:05 - INFO - Creating task for group 4 (Духи и туалетная вода)
2025-04-12 15:59:05 - INFO - Created task: 4f046cfa-eaa3-4156-99bd-af9905bb8245
2025-04-12 15:59:05 - INFO - Creating task for group 5 (Шины и покрышки пневматические резиновые новые)
2025-04-12 15:59:06 - INFO - Created task: 5e69ff57-2eda-41c1-9e42-7ef49cbd8920
2025-04-12 15:59:06 - INFO - Creating task for group 8 (Молочная продукция)
2025-04-12 15:59:07 - INFO - Created task: 6052b29d-511d-4df1-8f0c-9e6d8494ef4e
2025-04-12 15:59:07 - INFO - Creating task for group 13 (Упакованная вода)
2025-04-12 15:59:07 - INFO - Created task: a22da445-66a1-452e-bf25-c8705535b90b
2025-04-12 15:59:07 - INFO - Creating task for group 15 (Пиво, напитки, изготавливаемые на основе пива, слабоалкогольные напитки)
2025-04-12 15:59:08 - INFO - Created task: 7a629b66-4931-4376-94d0-d98f34ed0474
2025-04-12 15:59:08 - INFO - Creating task for group 17 (Биологически активные добавки к пище)
2025-04-12 15:59:09 - INFO - Created task: af8ffe69-e793-46b9-b36e-7eb80d5c6667
2025-04-12 15:59:09 - INFO - Creating task for group 23 (Соковая продукция и безалкогольные напитки)
2025-04-12 15:59:09 - INFO - Created task: a100770a-8069-4224-bc35-85c917a96885
2025-04-12 15:59:09 - INFO - Saved 10 tasks to output\Лежнева Евгения - тс142\pending_tasks.txt
2025-04-12 16:11:55 - INFO - Creating tasks for certificate: Омелина Татьяна - тс28
2025-04-12 16:11:55 - INFO - Using date range: 2025-04-11 to 2025-04-11 (yesterday's data)
2025-04-12 16:11:55 - INFO - Creating task for group 1 (Предметы одежды, бельё постельное, столовое, туалетное и кухонное)
2025-04-12 16:11:56 - INFO - Created task: e2359d7d-19a9-4a9b-bdf0-2ab57897be33
2025-04-12 16:11:56 - INFO - Creating task for group 2 (Обувные товары)
2025-04-12 16:11:57 - INFO - Created task: 011f82bf-736f-4c05-85c3-867661b18274
2025-04-12 16:11:57 - INFO - Creating task for group 3 (Табачная продукция)
2025-04-12 16:11:57 - INFO - Created task: 0e6311ad-0e45-4dcd-ac21-a79a217d8ff6
2025-04-12 16:11:57 - INFO - Creating task for group 4 (Духи и туалетная вода)
2025-04-12 16:11:58 - INFO - Created task: eae7b4ce-6589-4a6a-af3a-65b02736e1df
2025-04-12 16:11:58 - INFO - Creating task for group 5 (Шины и покрышки пневматические резиновые новые)
2025-04-12 16:11:59 - INFO - Created task: 0f7ee1b2-e722-4aff-bdc1-4a7fcffd9f1c
2025-04-12 16:11:59 - INFO - Creating task for group 8 (Молочная продукция)
2025-04-12 16:12:00 - INFO - Created task: 7e8151ce-8405-4bb9-8aaa-4038e58304b3
2025-04-12 16:12:00 - INFO - Creating task for group 13 (Упакованная вода)
2025-04-12 16:12:00 - INFO - Created task: 28d2c5c2-b41a-446e-a2e9-dc1188ed8585
2025-04-12 16:12:00 - INFO - Creating task for group 15 (Пиво, напитки, изготавливаемые на основе пива, слабоалкогольные напитки)
2025-04-12 16:12:01 - INFO - Created task: 5735bb4b-d8a1-4d5e-8fc0-dd76407e73bd
2025-04-12 16:12:01 - INFO - Creating task for group 17 (Биологически активные добавки к пище)
2025-04-12 16:12:02 - INFO - Created task: 4e9dd8bc-12f6-417e-806a-1ff841b47bdd
2025-04-12 16:12:02 - INFO - Creating task for group 23 (Соковая продукция и безалкогольные напитки)
2025-04-12 16:12:02 - INFO - Created task: fb54bf84-0866-4f06-9129-d2c9585514ea
2025-04-12 16:12:02 - INFO - Saved 10 tasks to output\Омелина Татьяна - тс28\pending_tasks.txt
2025-04-12 16:12:43 - INFO - Creating tasks for certificate: Хуторская Татьяна - тс324
2025-04-12 16:12:43 - INFO - Using date range: 2025-04-11 to 2025-04-11 (yesterday's data)
2025-04-12 16:12:43 - INFO - Creating task for group 1 (Предметы одежды, бельё постельное, столовое, туалетное и кухонное)
2025-04-12 16:12:44 - INFO - Created task: df1ab718-e183-4d19-85a5-2906522c06c9
2025-04-12 16:12:44 - INFO - Creating task for group 2 (Обувные товары)
2025-04-12 16:12:45 - INFO - Created task: 6d984ef0-6543-40f9-93a4-fd05e3afdfaa
2025-04-12 16:12:45 - INFO - Creating task for group 3 (Табачная продукция)
2025-04-12 16:12:45 - INFO - Created task: e88ed5e8-7de8-4a17-93d7-ff3a8b5f8254
2025-04-12 16:12:45 - INFO - Creating task for group 4 (Духи и туалетная вода)
2025-04-12 16:12:46 - INFO - Created task: 53607558-6a74-4d3f-862d-fed0ab947bb7
2025-04-12 16:12:46 - INFO - Creating task for group 5 (Шины и покрышки пневматические резиновые новые)
2025-04-12 16:12:47 - INFO - Created task: 875c6a58-2b0e-481e-85f4-925da6e1f90a
2025-04-12 16:12:47 - INFO - Creating task for group 8 (Молочная продукция)
2025-04-12 16:12:47 - INFO - Created task: a675ebb3-1106-4a2c-a57b-6fab0e3ba4c8
2025-04-12 16:12:48 - INFO - Creating task for group 13 (Упакованная вода)
2025-04-12 16:12:48 - INFO - Created task: 627533c8-e99f-4f8d-8a06-318e313fd1b3
2025-04-12 16:12:48 - INFO - Creating task for group 15 (Пиво, напитки, изготавливаемые на основе пива, слабоалкогольные напитки)
2025-04-12 16:12:49 - INFO - Created task: 7431f555-2a0b-4083-b560-fc9bedf14be0
2025-04-12 16:12:49 - INFO - Creating task for group 17 (Биологически активные добавки к пище)
2025-04-12 16:12:49 - INFO - Created task: 66818e53-c407-4fdf-b154-e719ed7f5429
2025-04-12 16:12:49 - INFO - Creating task for group 23 (Соковая продукция и безалкогольные напитки)
2025-04-12 16:12:50 - INFO - Created task: b095be4f-857c-4b53-8201-bca46c41d6f9
2025-04-12 16:12:50 - INFO - Saved 10 tasks to output\Хуторская Татьяна - тс324\pending_tasks.txt
2025-04-12 16:13:31 - INFO - Creating tasks for certificate: Хуторская Татьяна - тс124
2025-04-12 16:13:31 - INFO - Using date range: 2025-04-11 to 2025-04-11 (yesterday's data)
2025-04-12 16:13:31 - INFO - Creating task for group 1 (Предметы одежды, бельё постельное, столовое, туалетное и кухонное)
2025-04-12 16:13:32 - INFO - Created task: 1caf76e3-2b9b-4320-8694-b532e01f3ded
2025-04-12 16:13:32 - INFO - Creating task for group 2 (Обувные товары)
2025-04-12 16:13:33 - INFO - Created task: 7b62235a-f745-4d91-94fe-1b89b6f8b24c
2025-04-12 16:13:33 - INFO - Creating task for group 3 (Табачная продукция)
2025-04-12 16:13:33 - INFO - Created task: 4e16c862-40f7-4999-bb9c-275525b3fb7d
2025-04-12 16:13:33 - INFO - Creating task for group 4 (Духи и туалетная вода)
2025-04-12 16:13:34 - INFO - Created task: 50acd2ad-fafd-4bd9-9323-1d78c8081783
2025-04-12 16:13:34 - INFO - Creating task for group 5 (Шины и покрышки пневматические резиновые новые)
2025-04-12 16:13:35 - INFO - Created task: e0032224-f97f-4b1a-8015-a035f52ff997
2025-04-12 16:13:35 - INFO - Creating task for group 8 (Молочная продукция)
2025-04-12 16:13:35 - INFO - Created task: 971b994f-5a2c-4dea-ab2b-e35d441bcc37
2025-04-12 16:13:35 - INFO - Creating task for group 13 (Упакованная вода)
2025-04-12 16:13:36 - INFO - Created task: 738890fb-6a69-4e4c-9757-1ee934b9abbc
2025-04-12 16:13:36 - INFO - Creating task for group 15 (Пиво, напитки, изготавливаемые на основе пива, слабоалкогольные напитки)
2025-04-12 16:13:37 - INFO - Created task: 87806dbc-0b60-489c-a979-f3d861594d6d
2025-04-12 16:13:37 - INFO - Creating task for group 17 (Биологически активные добавки к пище)
2025-04-12 16:13:38 - INFO - Created task: 76b371af-a1ab-4a7b-bf52-9e32c2c5bd40
2025-04-12 16:13:38 - INFO - Creating task for group 23 (Соковая продукция и безалкогольные напитки)
2025-04-12 16:13:38 - INFO - Created task: 14222e3a-4f80-42b5-90c1-644105e1d11b
2025-04-12 16:13:38 - INFO - Saved 10 tasks to output\Хуторская Татьяна - тс124\pending_tasks.txt
2025-04-12 16:14:19 - INFO - Creating tasks for certificate: Хуторская Татьяна - тс3
2025-04-12 16:14:19 - INFO - Using date range: 2025-04-11 to 2025-04-11 (yesterday's data)
2025-04-12 16:14:19 - INFO - Creating task for group 1 (Предметы одежды, бельё постельное, столовое, туалетное и кухонное)
2025-04-12 16:14:20 - INFO - Created task: 8d89bc54-c454-496a-a37e-41703de43769
2025-04-12 16:14:20 - INFO - Creating task for group 2 (Обувные товары)
2025-04-12 16:14:21 - INFO - Created task: 3fda0995-1a67-46cd-ae03-a11bda80423a
2025-04-12 16:14:21 - INFO - Creating task for group 3 (Табачная продукция)
2025-04-12 16:14:22 - INFO - Created task: f0d5659b-ebae-4c73-92c3-c9b6f67853dd
2025-04-12 16:14:22 - INFO - Creating task for group 4 (Духи и туалетная вода)
2025-04-12 16:14:22 - INFO - Created task: 41313d81-2913-44fd-9f5c-b9e9b7c7264f
2025-04-12 16:14:22 - INFO - Creating task for group 5 (Шины и покрышки пневматические резиновые новые)
2025-04-12 16:14:23 - INFO - Created task: a6b519b8-76bc-4bf6-8b09-e0e0647dcb4f
2025-04-12 16:14:23 - INFO - Creating task for group 8 (Молочная продукция)
2025-04-12 16:14:24 - INFO - Created task: 6e313618-e4e0-4ef8-ac1f-c4e1181a15ae
2025-04-12 16:14:24 - INFO - Creating task for group 13 (Упакованная вода)
2025-04-12 16:14:24 - INFO - Created task: 1b4b3580-84e7-42cb-ae0c-6434ab65b523
2025-04-12 16:14:24 - INFO - Creating task for group 15 (Пиво, напитки, изготавливаемые на основе пива, слабоалкогольные напитки)
2025-04-12 16:14:25 - INFO - Created task: 5096355b-fc9f-4fc6-ae9b-26c5c3de4e16
2025-04-12 16:14:25 - INFO - Creating task for group 17 (Биологически активные добавки к пище)
2025-04-12 16:14:26 - INFO - Created task: 7fec4410-2fc4-49f1-814a-8dc469f67095
2025-04-12 16:14:26 - INFO - Creating task for group 23 (Соковая продукция и безалкогольные напитки)
2025-04-12 16:14:26 - INFO - Created task: b462fad6-9f0f-42c2-b588-c080b9476ea7
2025-04-12 16:14:26 - INFO - Saved 10 tasks to output\Хуторская Татьяна - тс3\pending_tasks.txt
2025-04-12 16:15:07 - INFO - Creating tasks for certificate: Хуторская Татьяна - тс5
2025-04-12 16:15:07 - INFO - Using date range: 2025-04-11 to 2025-04-11 (yesterday's data)
2025-04-12 16:15:07 - INFO - Creating task for group 1 (Предметы одежды, бельё постельное, столовое, туалетное и кухонное)
2025-04-12 16:15:08 - INFO - Created task: 11e52588-ab4e-4214-ac8a-3cd41f458188
2025-04-12 16:15:08 - INFO - Creating task for group 2 (Обувные товары)
2025-04-12 16:15:08 - INFO - Created task: 3c1fbc0b-2a24-4725-aee2-9e8bda47217e
2025-04-12 16:15:08 - INFO - Creating task for group 3 (Табачная продукция)
2025-04-12 16:15:09 - INFO - Created task: c412304c-93c5-48ce-a2f6-6e1db68cdd8f
2025-04-12 16:15:09 - INFO - Creating task for group 4 (Духи и туалетная вода)
2025-04-12 16:15:10 - INFO - Created task: 2d808233-6f64-4276-9b36-00c6ef88f110
2025-04-12 16:15:10 - INFO - Creating task for group 5 (Шины и покрышки пневматические резиновые новые)
2025-04-12 16:15:11 - INFO - Created task: 1e8f584c-91c5-4600-a894-ad4d8fd42294
2025-04-12 16:15:11 - INFO - Creating task for group 8 (Молочная продукция)
2025-04-12 16:15:11 - INFO - Created task: 733b4606-b05c-411f-8376-d1b36a10f864
2025-04-12 16:15:11 - INFO - Creating task for group 13 (Упакованная вода)
2025-04-12 16:15:12 - INFO - Created task: 8d6d5f95-4fac-4b02-a14d-dd0bc501b70b
2025-04-12 16:15:12 - INFO - Creating task for group 15 (Пиво, напитки, изготавливаемые на основе пива, слабоалкогольные напитки)
2025-04-12 16:15:13 - INFO - Created task: 548b4fb1-972c-4895-ae4b-d926906686ea
2025-04-12 16:15:13 - INFO - Creating task for group 17 (Биологически активные добавки к пище)
2025-04-12 16:15:13 - INFO - Created task: 4deb5436-9df0-40bc-8630-6dc85dec1fb4
2025-04-12 16:15:13 - INFO - Creating task for group 23 (Соковая продукция и безалкогольные напитки)
2025-04-12 16:15:14 - INFO - Created task: 9cccaac4-6c9c-499b-b5b4-bed087a11f49
2025-04-12 16:15:14 - INFO - Saved 10 tasks to output\Хуторская Татьяна - тс5\pending_tasks.txt
2025-04-12 16:15:55 - INFO - Creating tasks for certificate: Лежнева Евгения - тс54
2025-04-12 16:15:55 - INFO - Using date range: 2025-04-11 to 2025-04-11 (yesterday's data)
2025-04-12 16:15:55 - INFO - Creating task for group 1 (Предметы одежды, бельё постельное, столовое, туалетное и кухонное)
2025-04-12 16:15:56 - INFO - Created task: 0c871e87-486a-4f96-8755-bd95f431b96d
2025-04-12 16:15:56 - INFO - Creating task for group 2 (Обувные товары)
2025-04-12 16:15:56 - INFO - Created task: b9f6f96b-0eaa-4cb6-ba94-5efc38dfbf60
2025-04-12 16:15:56 - INFO - Creating task for group 3 (Табачная продукция)
2025-04-12 16:15:57 - INFO - Created task: 51254d2e-7186-40fe-b1a9-ca43a2e8ea75
2025-04-12 16:15:57 - INFO - Creating task for group 4 (Духи и туалетная вода)
2025-04-12 16:15:58 - INFO - Created task: 00192e27-066f-4dde-8cb9-f910a532b853
2025-04-12 16:15:58 - INFO - Creating task for group 5 (Шины и покрышки пневматические резиновые новые)
2025-04-12 16:15:58 - INFO - Created task: 85086c8c-c8b0-4741-9d61-08503ca1604d
2025-04-12 16:15:58 - INFO - Creating task for group 8 (Молочная продукция)
2025-04-12 16:15:59 - INFO - Created task: 93a4e40e-b52a-4dfc-8c3e-2affcee523d9
2025-04-12 16:15:59 - INFO - Creating task for group 13 (Упакованная вода)
2025-04-12 16:16:00 - INFO - Created task: dfe614b9-a4ae-4aac-b13a-1a98a4b9e0db
2025-04-12 16:16:00 - INFO - Creating task for group 15 (Пиво, напитки, изготавливаемые на основе пива, слабоалкогольные напитки)
2025-04-12 16:16:00 - INFO - Created task: a2d622be-6976-4e16-839e-6c9d06b81e31
2025-04-12 16:16:00 - INFO - Creating task for group 17 (Биологически активные добавки к пище)
2025-04-12 16:16:01 - INFO - Created task: 2cde6961-6789-43d7-8479-531b13b87048
2025-04-12 16:16:01 - INFO - Creating task for group 23 (Соковая продукция и безалкогольные напитки)
2025-04-12 16:16:02 - INFO - Created task: 6c89390e-c87f-4b19-bba0-d0bc69e65373
2025-04-12 16:16:02 - INFO - Saved 10 tasks to output\Лежнева Евгения - тс54\pending_tasks.txt
2025-04-12 16:16:43 - INFO - Creating tasks for certificate: Лежнева Евгения - тс55
2025-04-12 16:16:43 - INFO - Using date range: 2025-04-11 to 2025-04-11 (yesterday's data)
2025-04-12 16:16:43 - INFO - Creating task for group 1 (Предметы одежды, бельё постельное, столовое, туалетное и кухонное)
2025-04-12 16:16:44 - INFO - Created task: 3a62d90f-811e-4525-8c7a-b1d6892f8df6
2025-04-12 16:16:44 - INFO - Creating task for group 2 (Обувные товары)
2025-04-12 16:16:44 - INFO - Created task: fd863142-5428-423f-a681-e4ddca8cbcc6
2025-04-12 16:16:44 - INFO - Creating task for group 3 (Табачная продукция)
2025-04-12 16:16:45 - INFO - Created task: 8a96f828-1052-42d4-bcf3-fe2f40c69968
2025-04-12 16:16:45 - INFO - Creating task for group 4 (Духи и туалетная вода)
2025-04-12 16:16:46 - INFO - Created task: 26b7a10f-7469-4a90-9c99-524a9b282566
2025-04-12 16:16:46 - INFO - Creating task for group 5 (Шины и покрышки пневматические резиновые новые)
2025-04-12 16:16:46 - INFO - Created task: 0d3b6651-6cad-4843-9f31-d30573d184cd
2025-04-12 16:16:46 - INFO - Creating task for group 8 (Молочная продукция)
2025-04-12 16:16:47 - INFO - Created task: b791dd26-a5ad-4809-9aac-6cc0da32befe
2025-04-12 16:16:47 - INFO - Creating task for group 13 (Упакованная вода)
2025-04-12 16:16:48 - INFO - Created task: 21dedf22-c9db-482a-b272-fcf55e1d1dc4
2025-04-12 16:16:48 - INFO - Creating task for group 15 (Пиво, напитки, изготавливаемые на основе пива, слабоалкогольные напитки)
2025-04-12 16:16:48 - INFO - Created task: 3cfe2c8f-320e-4d33-8a17-a3d488bed97a
2025-04-12 16:16:48 - INFO - Creating task for group 17 (Биологически активные добавки к пище)
2025-04-12 16:16:49 - INFO - Created task: 9629e95b-e559-42dc-b970-6319714a6d9a
2025-04-12 16:16:49 - INFO - Creating task for group 23 (Соковая продукция и безалкогольные напитки)
2025-04-12 16:16:50 - INFO - Created task: bba27465-55e9-4341-ab63-f99cf13f8f37
2025-04-12 16:16:50 - INFO - Saved 10 tasks to output\Лежнева Евгения - тс55\pending_tasks.txt
2025-04-12 16:17:31 - INFO - Creating tasks for certificate: Лежнева Евгения - тс142
2025-04-12 16:17:31 - INFO - Using date range: 2025-04-11 to 2025-04-11 (yesterday's data)
2025-04-12 16:17:31 - INFO - Creating task for group 1 (Предметы одежды, бельё постельное, столовое, туалетное и кухонное)
2025-04-12 16:17:31 - INFO - Created task: ad05c0c5-e9a4-496c-aadf-d2a7911bcb7b
2025-04-12 16:17:31 - INFO - Creating task for group 2 (Обувные товары)
2025-04-12 16:17:32 - INFO - Created task: d275887e-9fd4-40b6-868e-3fe7dc9396df
2025-04-12 16:17:32 - INFO - Creating task for group 3 (Табачная продукция)
2025-04-12 16:17:32 - INFO - Created task: 53436863-af58-4f0f-ba0d-1a729bf17380
2025-04-12 16:17:32 - INFO - Creating task for group 4 (Духи и туалетная вода)
2025-04-12 16:17:33 - INFO - Created task: a56bf135-9e01-419c-aa49-213903549829
2025-04-12 16:17:33 - INFO - Creating task for group 5 (Шины и покрышки пневматические резиновые новые)
2025-04-12 16:17:34 - INFO - Created task: 57a35905-8785-4a1a-ba76-2de8f5a26532
2025-04-12 16:17:34 - INFO - Creating task for group 8 (Молочная продукция)
2025-04-12 16:17:34 - INFO - Created task: d8d7f7df-5ce1-4151-be41-fcd6150c1ea0
2025-04-12 16:17:34 - INFO - Creating task for group 13 (Упакованная вода)
2025-04-12 16:17:35 - INFO - Created task: 27d680c3-7b3b-43b8-bd62-aea0bffcf38d
2025-04-12 16:17:35 - INFO - Creating task for group 15 (Пиво, напитки, изготавливаемые на основе пива, слабоалкогольные напитки)
2025-04-12 16:17:36 - INFO - Created task: 14b37b5a-5880-40ab-8d20-96b0cf761c06
2025-04-12 16:17:36 - INFO - Creating task for group 17 (Биологически активные добавки к пище)
2025-04-12 16:17:37 - INFO - Created task: 5c0e8f2d-9595-41d3-bb95-ba782922d4d1
2025-04-12 16:17:37 - INFO - Creating task for group 23 (Соковая продукция и безалкогольные напитки)
2025-04-12 16:17:37 - INFO - Created task: 8e13b506-5822-4542-a9b3-505995ce555b
2025-04-12 16:17:37 - INFO - Saved 10 tasks to output\Лежнева Евгения - тс142\pending_tasks.txt
