2025-04-14 07:27:41 - ERROR - Error checking if scheduler is running: No module named 'psutil'
2025-04-14 07:27:41 - INFO - Loaded configuration from scheduler_config.json
2025-04-14 07:27:41 - WARNING - Couldn't read email time from email_config.json: [Errno 2] No such file or directory: 'email_config.json'
2025-04-14 07:27:41 - INFO - Scheduler initialized
2025-04-14 07:27:41 - INFO - Scheduler starting continuous operation
2025-04-14 07:27:43 - INFO - Started scheduler process with PID 117164
2025-04-14 07:27:44 - ERROR - Error checking if scheduler is running: No module named 'psutil'
2025-04-14 07:27:44 - ERROR - Failed to start scheduler process
2025-04-14 07:58:14 - ERROR - Error checking if scheduler is running: No module named 'psutil'
2025-04-14 07:58:14 - INFO - Loaded configuration from scheduler_config.json
2025-04-14 07:58:14 - INFO - Using email time from email_config.json: 00:00
2025-04-14 07:58:14 - INFO - Scheduler initialized
2025-04-14 07:58:14 - INFO - Scheduler starting continuous operation
2025-04-14 07:58:16 - INFO - Started scheduler process with PID 123836
2025-04-14 07:58:17 - ERROR - Error checking if scheduler is running: No module named 'psutil'
2025-04-14 07:58:17 - ERROR - Failed to start scheduler process
2025-04-14 20:04:42 - INFO - It's time to send email reports (20:04)
2025-04-14 20:04:42 - INFO - Running email reports task
2025-04-14 20:04:48 - INFO - Email reports sent successfully
2025-04-14 20:04:50 - INFO - Updated last email run time
2025-04-14 20:05:50 - INFO - It's time to send email reports (20:04)
2025-04-14 20:05:50 - INFO - Running email reports task
2025-04-14 20:05:54 - INFO - Email reports sent successfully
2025-04-14 20:05:54 - INFO - Updated last email run time
