2025-04-14 07:27:32 - INFO - Starting Telegram bot from main application
2025-04-14 07:27:32 - INFO - Resetting any existing bot sessions...
2025-04-14 07:27:33 - INFO - Reset response: 200
2025-04-14 07:27:36 - INFO - Telegram configuration loaded successfully
2025-04-14 07:27:36 - INFO - Telegram bot thread started
2025-04-14 07:27:36 - INFO - Acquired lock on port 12345
2025-04-14 07:27:36 - INFO - Cleaning up any existing bot sessions...
2025-04-14 07:27:36 - INFO - Cleanup response: 200, {"ok":true,"result":true,"description":"Webhook is already deleted"}
2025-04-14 07:27:41 - INFO - Starting Telegram bot (attempt 1/3)
2025-04-14 07:27:41 - INFO - Starting error monitoring task
2025-04-14 07:27:41 - INFO - Application started
2025-04-14 07:27:41 - ERROR - Error starting Telegram bot (attempt 1/3): TypeError: Updater.start_polling() got an unexpected keyword argument 'read_timeout'
2025-04-14 07:27:41 - ERROR - Traceback: Traceback (most recent call last):
  File "C:\Users\Администратор\Downloads\chz\telegram_bot.py", line 976, in start_bot
    await self.application.updater.start_polling(
          ~~~~~~~~~~~~~~~~~~~~~~~~~~~~~~~~~~~~~~^
        drop_pending_updates=True,  # Very important to ignore old updates
        ^^^^^^^^^^^^^^^^^^^^^^^^^^^^^^^^^^^^^^^^^^^^^^^^^^^^^^^^^^^^^^^^^^
    ...<4 lines>...
        pool_timeout=self.connection_timeout * 2  # Increased pool timeout
        ^^^^^^^^^^^^^^^^^^^^^^^^^^^^^^^^^^^^^^^^^^^^^^^^^^^^^^^^^^^^^^^^^^
    )
    ^
TypeError: Updater.start_polling() got an unexpected keyword argument 'read_timeout'

2025-04-14 07:27:41 - WARNING - Bot is not running or not initialized, error notification queued but won't be sent
2025-04-14 07:27:41 - INFO - Released lock socket
2025-04-14 07:27:41 - INFO - Released lock socket
2025-04-14 07:57:59 - INFO - Released lock socket
2025-04-14 07:57:59 - ERROR - Error in error monitoring task: Event loop is closed
2025-04-14 07:58:06 - INFO - Starting Telegram bot from main application
2025-04-14 07:58:06 - INFO - Resetting any existing bot sessions...
2025-04-14 07:58:06 - INFO - Reset response: 200
2025-04-14 07:58:09 - INFO - Telegram configuration loaded successfully
2025-04-14 07:58:09 - INFO - Telegram bot thread started
2025-04-14 07:58:09 - INFO - Acquired lock on port 12345
2025-04-14 07:58:09 - INFO - Cleaning up any existing bot sessions...
2025-04-14 07:58:09 - INFO - Cleanup response: 200, {"ok":true,"result":true,"description":"Webhook is already deleted"}
2025-04-14 07:58:14 - INFO - Starting Telegram bot (attempt 1/3)
2025-04-14 07:58:14 - INFO - Starting error monitoring task
2025-04-14 07:58:14 - INFO - Application started
2025-04-14 07:58:14 - ERROR - Error starting Telegram bot (attempt 1/3): TypeError: Updater.start_polling() got an unexpected keyword argument 'read_timeout'
2025-04-14 07:58:14 - ERROR - Traceback: Traceback (most recent call last):
  File "C:\Users\Администратор\Downloads\chz\telegram_bot.py", line 976, in start_bot
    await self.application.updater.start_polling(
          ~~~~~~~~~~~~~~~~~~~~~~~~~~~~~~~~~~~~~~^
        drop_pending_updates=True,  # Very important to ignore old updates
        ^^^^^^^^^^^^^^^^^^^^^^^^^^^^^^^^^^^^^^^^^^^^^^^^^^^^^^^^^^^^^^^^^^
    ...<4 lines>...
        pool_timeout=self.connection_timeout * 2  # Increased pool timeout
        ^^^^^^^^^^^^^^^^^^^^^^^^^^^^^^^^^^^^^^^^^^^^^^^^^^^^^^^^^^^^^^^^^^
    )
    ^
TypeError: Updater.start_polling() got an unexpected keyword argument 'read_timeout'

2025-04-14 07:58:14 - WARNING - Bot is not running or not initialized, error notification queued but won't be sent
2025-04-14 07:58:14 - INFO - Released lock socket
2025-04-14 07:58:14 - INFO - Released lock socket
2025-04-14 20:04:50 - INFO - Telegram configuration loaded successfully
2025-04-14 20:04:50 - WARNING - Bot is not running or not initialized, error notification queued but won't be sent
2025-04-14 20:05:54 - WARNING - Bot is not running or not initialized, error notification queued but won't be sent
